Archive member included to satisfy reference by file (symbol)

/usr/lib/gcc/arm-none-eabi/10.3.1/thumb/v6-m/nofp/libgcc.a(_dvmd_tls.o)
                              CMakeFiles/Blink.dir/home/nqh/pico/pico-sdk/src/rp2_common/pico_divider/divider_hardware.S.o (__aeabi_idiv0)
/usr/lib/gcc/arm-none-eabi/10.3.1/../../../arm-none-eabi/lib/thumb/v6-m/nofp/libg.a(lib_a-atexit.o)
                              /usr/lib/gcc/arm-none-eabi/10.3.1/../../../arm-none-eabi/lib/thumb/v6-m/nofp/crt0.o (atexit)
/usr/lib/gcc/arm-none-eabi/10.3.1/../../../arm-none-eabi/lib/thumb/v6-m/nofp/libg.a(lib_a-calloc.o)
                              CMakeFiles/Blink.dir/home/nqh/pico/pico-sdk/src/rp2_common/pico_malloc/malloc.c.o (calloc)
/usr/lib/gcc/arm-none-eabi/10.3.1/../../../arm-none-eabi/lib/thumb/v6-m/nofp/libg.a(lib_a-callocr.o)
                              /usr/lib/gcc/arm-none-eabi/10.3.1/../../../arm-none-eabi/lib/thumb/v6-m/nofp/libg.a(lib_a-calloc.o) (_calloc_r)
/usr/lib/gcc/arm-none-eabi/10.3.1/../../../arm-none-eabi/lib/thumb/v6-m/nofp/libg.a(lib_a-ctype_.o)
                              CMakeFiles/Blink.dir/home/nqh/pico/pico-sdk/lib/tinyusb/src/tusb.c.o (_ctype_)
/usr/lib/gcc/arm-none-eabi/10.3.1/../../../arm-none-eabi/lib/thumb/v6-m/nofp/libg.a(lib_a-fini.o)
                              /usr/lib/gcc/arm-none-eabi/10.3.1/../../../arm-none-eabi/lib/thumb/v6-m/nofp/crt0.o (__libc_fini_array)
/usr/lib/gcc/arm-none-eabi/10.3.1/../../../arm-none-eabi/lib/thumb/v6-m/nofp/libg.a(lib_a-impure.o)
                              /usr/lib/gcc/arm-none-eabi/10.3.1/../../../arm-none-eabi/lib/thumb/v6-m/nofp/libg.a(lib_a-calloc.o) (_impure_ptr)
/usr/lib/gcc/arm-none-eabi/10.3.1/../../../arm-none-eabi/lib/thumb/v6-m/nofp/libg.a(lib_a-init.o)
                              /usr/lib/gcc/arm-none-eabi/10.3.1/../../../arm-none-eabi/lib/thumb/v6-m/nofp/crt0.o (__libc_init_array)
/usr/lib/gcc/arm-none-eabi/10.3.1/../../../arm-none-eabi/lib/thumb/v6-m/nofp/libg.a(lib_a-lcltime_r.o)
                              CMakeFiles/Blink.dir/home/nqh/pico/pico-sdk/src/common/pico_util/datetime.c.o (localtime_r)
/usr/lib/gcc/arm-none-eabi/10.3.1/../../../arm-none-eabi/lib/thumb/v6-m/nofp/libg.a(lib_a-malloc.o)
                              CMakeFiles/Blink.dir/home/nqh/pico/pico-sdk/src/rp2_common/pico_malloc/malloc.c.o (malloc)
/usr/lib/gcc/arm-none-eabi/10.3.1/../../../arm-none-eabi/lib/thumb/v6-m/nofp/libg.a(lib_a-mallocr.o)
                              /usr/lib/gcc/arm-none-eabi/10.3.1/../../../arm-none-eabi/lib/thumb/v6-m/nofp/libg.a(lib_a-callocr.o) (_malloc_r)
/usr/lib/gcc/arm-none-eabi/10.3.1/../../../arm-none-eabi/lib/thumb/v6-m/nofp/libg.a(lib_a-memcmp.o)
                              CMakeFiles/Blink.dir/home/nqh/pico/pico-sdk/src/rp2_common/pico_atomic/atomic.c.o (memcmp)
/usr/lib/gcc/arm-none-eabi/10.3.1/../../../arm-none-eabi/lib/thumb/v6-m/nofp/libg.a(lib_a-mktime.o)
                              CMakeFiles/Blink.dir/home/nqh/pico/pico-sdk/src/common/pico_util/datetime.c.o (mktime)
/usr/lib/gcc/arm-none-eabi/10.3.1/../../../arm-none-eabi/lib/thumb/v6-m/nofp/libg.a(lib_a-mlock.o)
                              /usr/lib/gcc/arm-none-eabi/10.3.1/../../../arm-none-eabi/lib/thumb/v6-m/nofp/libg.a(lib_a-mallocr.o) (__malloc_lock)
/usr/lib/gcc/arm-none-eabi/10.3.1/../../../arm-none-eabi/lib/thumb/v6-m/nofp/libg.a(lib_a-month_lengths.o)
                              /usr/lib/gcc/arm-none-eabi/10.3.1/../../../arm-none-eabi/lib/thumb/v6-m/nofp/libg.a(lib_a-lcltime_r.o) (__month_lengths)
/usr/lib/gcc/arm-none-eabi/10.3.1/../../../arm-none-eabi/lib/thumb/v6-m/nofp/libg.a(lib_a-realloc.o)
                              CMakeFiles/Blink.dir/home/nqh/pico/pico-sdk/src/rp2_common/pico_malloc/malloc.c.o (realloc)
/usr/lib/gcc/arm-none-eabi/10.3.1/../../../arm-none-eabi/lib/thumb/v6-m/nofp/libg.a(lib_a-reallocr.o)
                              /usr/lib/gcc/arm-none-eabi/10.3.1/../../../arm-none-eabi/lib/thumb/v6-m/nofp/libg.a(lib_a-realloc.o) (_realloc_r)
/usr/lib/gcc/arm-none-eabi/10.3.1/../../../arm-none-eabi/lib/thumb/v6-m/nofp/libg.a(lib_a-sbrkr.o)
                              /usr/lib/gcc/arm-none-eabi/10.3.1/../../../arm-none-eabi/lib/thumb/v6-m/nofp/libg.a(lib_a-mallocr.o) (_sbrk_r)
/usr/lib/gcc/arm-none-eabi/10.3.1/../../../arm-none-eabi/lib/thumb/v6-m/nofp/libg.a(lib_a-strlen-stub.o)
                              CMakeFiles/Blink.dir/home/nqh/pico/pico-sdk/src/rp2_common/pico_stdio/stdio.c.o (strlen)
/usr/lib/gcc/arm-none-eabi/10.3.1/../../../arm-none-eabi/lib/thumb/v6-m/nofp/libg.a(lib_a-tzcalc_limits.o)
                              /usr/lib/gcc/arm-none-eabi/10.3.1/../../../arm-none-eabi/lib/thumb/v6-m/nofp/libg.a(lib_a-lcltime_r.o) (__tzcalc_limits)
/usr/lib/gcc/arm-none-eabi/10.3.1/../../../arm-none-eabi/lib/thumb/v6-m/nofp/libg.a(lib_a-tzlock.o)
                              /usr/lib/gcc/arm-none-eabi/10.3.1/../../../arm-none-eabi/lib/thumb/v6-m/nofp/libg.a(lib_a-lcltime_r.o) (__tz_lock)
[...]
Memory Configuration

Name             Origin             Length             Attributes
FLASH            0x0000000010000000 0x0000000000200000 xr
RAM              0x0000000020000000 0x0000000000040000 xrw
SCRATCH_X        0x0000000020040000 0x0000000000001000 xrw
SCRATCH_Y        0x0000000020041000 0x0000000000001000 xrw
*default*        0x0000000000000000 0xffffffffffffffff

Linker script and memory map

LOAD /usr/lib/gcc/arm-none-eabi/10.3.1/thumb/v6-m/nofp/crti.o
LOAD /usr/lib/gcc/arm-none-eabi/10.3.1/thumb/v6-m/nofp/crtbegin.o
LOAD /usr/lib/gcc/arm-none-eabi/10.3.1/../../../arm-none-eabi/lib/thumb/v6-m/nofp/crt0.o

.flash_begin    0x0000000010000000        0x0
                0x0000000010000000                __flash_binary_start = .

.boot2          0x0000000010000000      0x100
                0x0000000010000000                __boot2_start__ = .
 *(.boot2)
 .boot2         0x0000000010000000      0x100 pico-sdk/src/rp2040/boot_stage2/CMakeFiles/bs2_default_library.dir/bs2_default_padded_checksummed.S.o
                0x0000000010000100                __boot2_end__ = .
                0x0000000000000001                ASSERT (((__boot2_end__ - __boot2_start__) == 0x100), ERROR: Pico second stage bootloader must be 256 bytes in size)

.text           0x0000000010000100     0x7264
                0x0000000010000100                __logical_binary_start = .
 *(.vectors)
 .vectors       0x0000000010000100       0xd4 CMakeFiles/Blink.dir/home/nqh/pico/pico-sdk/src/rp2_common/pico_crt0/crt0.S.o
                0x0000000010000100                __vectors
                0x0000000010000100                __VECTOR_TABLE
                0x00000000100001c0                isr_irq30
                0x00000000100001c0                __unhandled_user_irq
                0x00000000100001c0                isr_irq13
                0x00000000100001c0                isr_irq27
                0x00000000100001c0                isr_irq31
                0x00000000100001c0                isr_irq5
                0x00000000100001c0                isr_irq11
                0x00000000100001c0                isr_irq23
                0x00000000100001c0                isr_irq18
                0x00000000100001c0                isr_irq28
                0x00000000100001c0                isr_irq19
                0x00000000100001c0                isr_irq0
                0x00000000100001c0                isr_irq6
                0x00000000100001c0                isr_irq22
                0x00000000100001c0                isr_irq17
                0x00000000100001c0                isr_irq14
                0x00000000100001c0                __vectors_end
                0x00000000100001c0                __default_isrs_start
                0x00000000100001c0                isr_irq2
                0x00000000100001c0                isr_irq10
                0x00000000100001c0                isr_irq8
                0x00000000100001c0                isr_irq24
                0x00000000100001c0                isr_irq1
                0x00000000100001c0                isr_irq7
                0x00000000100001c0                isr_irq21
                0x00000000100001c0                isr_irq20
                0x00000000100001c0                isr_irq15
                0x00000000100001c0                isr_irq25
                0x00000000100001c0                isr_irq4
                0x00000000100001c0                isr_irq16
                0x00000000100001c0                isr_irq29
                0x00000000100001c0                isr_irq26
                0x00000000100001c0                isr_irq3
                0x00000000100001c0                isr_irq12
                0x00000000100001c0                isr_irq9
                0x00000000100001c6                unhandled_user_irq_num_in_r0
                0x00000000100001c8                isr_invalid
                0x00000000100001ca                isr_nmi
                0x00000000100001cc                isr_hardfault
                0x00000000100001ce                isr_svcall
                0x00000000100001d0                isr_pendsv
                0x00000000100001d2                isr_systick
                0x00000000100001d4                __default_isrs_end
 *(.binary_info_header)
 .binary_info_header
                0x00000000100001d4       0x14 CMakeFiles/Blink.dir/home/nqh/pico/pico-sdk/src/rp2_common/pico_crt0/crt0.S.o
                0x00000000100001e8                __binary_info_header_end = .
 *(.embedded_block)
                0x00000000100001e8                __embedded_block_end = .
 *(.reset)
 .reset         0x00000000100001e8       0x9c CMakeFiles/Blink.dir/home/nqh/pico/pico-sdk/src/rp2_common/pico_crt0/crt0.S.o
                0x00000000100001e8                _entry_point
 *(.init)
 .init          0x0000000010000284        0x4 /usr/lib/gcc/arm-none-eabi/10.3.1/thumb/v6-m/nofp/crti.o
                0x0000000010000284                _init
 *(EXCLUDE_FILE(*libm.a: *libc.a:*lib_a-mem*.o *libgcc.a:) .text*)
 .text          0x0000000010000288       0x98 /usr/lib/gcc/arm-none-eabi/10.3.1/thumb/v6-m/nofp/crtbegin.o
 .text.reserved_addr
                0x0000000010000320       0x1a CMakeFiles/Blink.dir/main.c.o
                0x0000000010000320                reserved_addr
 *fill*         0x000000001000033a        0x2 
 .text.main     0x000000001000033c      0x108 CMakeFiles/Blink.dir/main.c.o
                0x000000001000033c                main
 .text.gpio_set_function
                0x0000000010000444       0x34 CMakeFiles/Blink.dir/home/nqh/pico/pico-sdk/src/rp2_common/hardware_gpio/gpio.c.o
                0x0000000010000444                gpio_set_function
 .text.gpio_set_pulls
                0x0000000010000478       0x38 CMakeFiles/Blink.dir/home/nqh/pico/pico-sdk/src/rp2_common/hardware_gpio/gpio.c.o
                0x0000000010000478                gpio_set_pulls
 .text.rp2040_chip_version
                0x00000000100004b0       0x4c CMakeFiles/Blink.dir/home/nqh/pico/pico-sdk/src/rp2040/pico_platform/platform.c.o
                0x00000000100004b0                rp2040_chip_version
 .text.panic    0x00000000100004fc       0x30 CMakeFiles/Blink.dir/home/nqh/pico/pico-sdk/src/rp2_common/pico_platform_panic/panic.c.o
                0x00000000100004fc                panic
 .text.hw_claim_lock
                0x000000001000052c       0x18 CMakeFiles/Blink.dir/home/nqh/pico/pico-sdk/src/common/hardware_claim/claim.c.o
                0x000000001000052c                hw_claim_lock
 .text.hw_claim_unlock
                0x0000000010000544       0x14 CMakeFiles/Blink.dir/home/nqh/pico/pico-sdk/src/common/hardware_claim/claim.c.o
                0x0000000010000544                hw_claim_unlock
 .text.hw_claim_or_assert
                0x0000000010000558       0x32 CMakeFiles/Blink.dir/home/nqh/pico/pico-sdk/src/common/hardware_claim/claim.c.o
                0x0000000010000558                hw_claim_or_assert
 .text.hw_claim_unused_from_range
                0x000000001000058a       0x50 CMakeFiles/Blink.dir/home/nqh/pico/pico-sdk/src/common/hardware_claim/claim.c.o
                0x000000001000058a                hw_claim_unused_from_range
 *fill*         0x00000000100005da        0x2 
 .text.next_striped_spin_lock_num
                0x00000000100005dc       0x1c CMakeFiles/Blink.dir/home/nqh/pico/pico-sdk/src/rp2_common/hardware_sync/sync.c.o
                0x00000000100005dc                next_striped_spin_lock_num
 .text.spin_lock_claim_unused
                0x00000000100005f8       0x20 CMakeFiles/Blink.dir/home/nqh/pico/pico-sdk/src/rp2_common/hardware_sync/sync.c.o
                0x00000000100005f8                spin_lock_claim_unused
 .text.spin_locks_reset
                0x0000000010000618       0x20 CMakeFiles/Blink.dir/home/nqh/pico/pico-sdk/src/rp2_common/hardware_sync_spin_lock/sync_spin_lock.c.o
                0x0000000010000618                spin_locks_reset
 .text.set_raw_irq_handler_and_unlock
                0x0000000010000638       0x28 CMakeFiles/Blink.dir/home/nqh/pico/pico-sdk/src/rp2_common/hardware_irq/irq.c.o
 .text.nvic_ipr0
                0x0000000010000660        0x8 CMakeFiles/Blink.dir/home/nqh/pico/pico-sdk/src/rp2_common/hardware_irq/irq.c.o
 .text.runtime_init_per_core_irq_priorities
                0x0000000010000668       0x1c CMakeFiles/Blink.dir/home/nqh/pico/pico-sdk/src/rp2_common/hardware_irq/irq.c.o
                0x0000000010000668                runtime_init_per_core_irq_priorities
 .text.make_j_16
                0x0000000010000684       0x4c CMakeFiles/Blink.dir/home/nqh/pico/pico-sdk/src/rp2_common/hardware_irq/irq.c.o
 .text.insert_bl_32
                0x00000000100006d0       0x40 CMakeFiles/Blink.dir/home/nqh/pico/pico-sdk/src/rp2_common/hardware_irq/irq.c.o
 .text.irq_is_enabled
                0x0000000010000710       0x18 CMakeFiles/Blink.dir/home/nqh/pico/pico-sdk/src/rp2_common/hardware_irq/irq.c.o
                0x0000000010000710                irq_is_enabled
 .text.irq_set_mask_n_enabled
                0x0000000010000728       0x1c CMakeFiles/Blink.dir/home/nqh/pico/pico-sdk/src/rp2_common/hardware_irq/irq.c.o
                0x0000000010000728                irq_set_mask_n_enabled
 .text.irq_set_enabled
                0x0000000010000744       0x14 CMakeFiles/Blink.dir/home/nqh/pico/pico-sdk/src/rp2_common/hardware_irq/irq.c.o
                0x0000000010000744                irq_set_enabled
 .text.irq_set_pending
                0x0000000010000758       0x10 CMakeFiles/Blink.dir/home/nqh/pico/pico-sdk/src/rp2_common/hardware_irq/irq.c.o
                0x0000000010000758                irq_set_pending
 .text.irq_get_vtable_handler
                0x0000000010000768       0x10 CMakeFiles/Blink.dir/home/nqh/pico/pico-sdk/src/rp2_common/hardware_irq/irq.c.o
                0x0000000010000768                irq_get_vtable_handler
 .text.irq_has_shared_handler
                0x0000000010000778       0x1c CMakeFiles/Blink.dir/home/nqh/pico/pico-sdk/src/rp2_common/hardware_irq/irq.c.o
                0x0000000010000778                irq_has_shared_handler
 .text.irq_set_exclusive_handler
                0x0000000010000794       0x54 CMakeFiles/Blink.dir/home/nqh/pico/pico-sdk/src/rp2_common/hardware_irq/irq.c.o
                0x0000000010000794                irq_set_exclusive_handler
 .text.irq_add_shared_handler
                0x00000000100007e8      0x238 CMakeFiles/Blink.dir/home/nqh/pico/pico-sdk/src/rp2_common/hardware_irq/irq.c.o
                0x00000000100007e8                irq_add_shared_handler
 .text.irq_remove_handler
                0x0000000010000a20      0x1b0 CMakeFiles/Blink.dir/home/nqh/pico/pico-sdk/src/rp2_common/hardware_irq/irq.c.o
                0x0000000010000a20                irq_remove_handler
 .text.irq_add_tail_to_free_list
                0x0000000010000bd0       0xf4 CMakeFiles/Blink.dir/home/nqh/pico/pico-sdk/src/rp2_common/hardware_irq/irq.c.o
                0x0000000010000bd0                irq_add_tail_to_free_list
 .text.user_irq_claim_unused
                0x0000000010000cc4       0x28 CMakeFiles/Blink.dir/home/nqh/pico/pico-sdk/src/rp2_common/hardware_irq/irq.c.o
                0x0000000010000cc4                user_irq_claim_unused
 .text.lock_init
                0x0000000010000cec       0x10 CMakeFiles/Blink.dir/home/nqh/pico/pico-sdk/src/common/pico_sync/lock_core.c.o
                0x0000000010000cec                lock_init
 .text.mutex_init
                0x0000000010000cfc       0x1a CMakeFiles/Blink.dir/home/nqh/pico/pico-sdk/src/common/pico_sync/mutex.c.o
                0x0000000010000cfc                mutex_init
 .text.recursive_mutex_init
                0x0000000010000d16       0x1e CMakeFiles/Blink.dir/home/nqh/pico/pico-sdk/src/common/pico_sync/mutex.c.o
                0x0000000010000d16                recursive_mutex_init
 .text.runtime_init_mutex
                0x0000000010000d34       0x4c CMakeFiles/Blink.dir/home/nqh/pico/pico-sdk/src/common/pico_sync/mutex.c.o
                0x0000000010000d34                runtime_init_mutex
 .text.critical_section_init_with_lock_num
                0x0000000010000d80       0x14 CMakeFiles/Blink.dir/home/nqh/pico/pico-sdk/src/common/pico_sync/critical_section.c.o
                0x0000000010000d80                critical_section_init_with_lock_num
 .text.critical_section_init
                0x0000000010000d94       0x14 CMakeFiles/Blink.dir/home/nqh/pico/pico-sdk/src/common/pico_sync/critical_section.c.o
                0x0000000010000d94                critical_section_init
 .text.make_alarm_id
                0x0000000010000da8        0x6 CMakeFiles/Blink.dir/home/nqh/pico/pico-sdk/src/common/pico_time/time.c.o
 *fill*         0x0000000010000dae        0x2 
 .text.sleep_until_callback
                0x0000000010000db0       0x30 CMakeFiles/Blink.dir/home/nqh/pico/pico-sdk/src/common/pico_time/time.c.o
 .text.alarm_pool_irq_handler
                0x0000000010000de0      0x304 CMakeFiles/Blink.dir/home/nqh/pico/pico-sdk/src/common/pico_time/time.c.o
 .text.alarm_pool_post_alloc_init
                0x00000000100010e4       0x94 CMakeFiles/Blink.dir/home/nqh/pico/pico-sdk/src/common/pico_time/time.c.o
 .text.alarm_pool_get_default
                0x0000000010001178       0x2c CMakeFiles/Blink.dir/home/nqh/pico/pico-sdk/src/common/pico_time/time.c.o
                0x0000000010001178                alarm_pool_get_default
 .text.alarm_pool_add_alarm_at_force_in_context
                0x00000000100011a4       0xb0 CMakeFiles/Blink.dir/home/nqh/pico/pico-sdk/src/common/pico_time/time.c.o
                0x00000000100011a4                alarm_pool_add_alarm_at_force_in_context
 .text.alarm_pool_add_alarm_at
                0x0000000010001254       0x3c CMakeFiles/Blink.dir/home/nqh/pico/pico-sdk/src/common/pico_time/time.c.o
                0x0000000010001254                alarm_pool_add_alarm_at
 .text.alarm_pool_cancel_alarm
                0x0000000010001290       0x78 CMakeFiles/Blink.dir/home/nqh/pico/pico-sdk/src/common/pico_time/time.c.o
                0x0000000010001290                alarm_pool_cancel_alarm
 .text.alarm_pool_core_num
                0x0000000010001308        0x4 CMakeFiles/Blink.dir/home/nqh/pico/pico-sdk/src/common/pico_time/time.c.o
                0x0000000010001308                alarm_pool_core_num
 .text.sleep_until
                0x000000001000130c       0xc8 CMakeFiles/Blink.dir/home/nqh/pico/pico-sdk/src/common/pico_time/time.c.o
                0x000000001000130c                sleep_until
 .text.sleep_us
                0x00000000100013d4       0x24 CMakeFiles/Blink.dir/home/nqh/pico/pico-sdk/src/common/pico_time/time.c.o
                0x00000000100013d4                sleep_us
 .text.sleep_ms
                0x00000000100013f8       0x14 CMakeFiles/Blink.dir/home/nqh/pico/pico-sdk/src/common/pico_time/time.c.o
                0x00000000100013f8                sleep_ms
 .text.best_effort_wfe_or_timeout
                0x000000001000140c      0x13c CMakeFiles/Blink.dir/home/nqh/pico/pico-sdk/src/common/pico_time/time.c.o
                0x000000001000140c                best_effort_wfe_or_timeout
 .text.alarm_pool_get_default_timer
                0x0000000010001548        0x8 CMakeFiles/Blink.dir/home/nqh/pico/pico-sdk/src/common/pico_time/time.c.o
                0x0000000010001548                alarm_pool_get_default_timer
 .text.runtime_init_default_alarm_pool
                0x0000000010001550       0x38 CMakeFiles/Blink.dir/home/nqh/pico/pico-sdk/src/common/pico_time/time.c.o
                0x0000000010001550                runtime_init_default_alarm_pool
 .text.timer_hardware_alarm_claim
                0x0000000010001588       0x14 CMakeFiles/Blink.dir/home/nqh/pico/pico-sdk/src/rp2_common/hardware_timer/timer.c.o
                0x0000000010001588                timer_hardware_alarm_claim
 .text.timer_time_us_64
                0x000000001000159c       0x10 CMakeFiles/Blink.dir/home/nqh/pico/pico-sdk/src/rp2_common/hardware_timer/timer.c.o
                0x000000001000159c                timer_time_us_64
 .text.timer_busy_wait_until
                0x00000000100015ac       0x1a CMakeFiles/Blink.dir/home/nqh/pico/pico-sdk/src/rp2_common/hardware_timer/timer.c.o
                0x00000000100015ac                timer_busy_wait_until
 .text.timer_busy_wait_us
                0x00000000100015c6       0x38 CMakeFiles/Blink.dir/home/nqh/pico/pico-sdk/src/rp2_common/hardware_timer/timer.c.o
                0x00000000100015c6                timer_busy_wait_us
 *fill*         0x00000000100015fe        0x2 
 .text.time_us_64
                0x0000000010001600       0x10 CMakeFiles/Blink.dir/home/nqh/pico/pico-sdk/src/rp2_common/hardware_timer/timer.c.o
                0x0000000010001600                time_us_64
 .text.busy_wait_us
                0x0000000010001610       0x14 CMakeFiles/Blink.dir/home/nqh/pico/pico-sdk/src/rp2_common/hardware_timer/timer.c.o
                0x0000000010001610                busy_wait_us
 .text.busy_wait_until
                0x0000000010001624       0x14 CMakeFiles/Blink.dir/home/nqh/pico/pico-sdk/src/rp2_common/hardware_timer/timer.c.o
                0x0000000010001624                busy_wait_until
 .text.uart_disable_before_lcr_write
                0x0000000010001638       0x48 CMakeFiles/Blink.dir/home/nqh/pico/pico-sdk/src/rp2_common/hardware_uart/uart.c.o
 .text.uart_write_lcr_bits_masked
                0x0000000010001680       0x20 CMakeFiles/Blink.dir/home/nqh/pico/pico-sdk/src/rp2_common/hardware_uart/uart.c.o
 .text.uart_set_baudrate
                0x00000000100016a0       0x5c CMakeFiles/Blink.dir/home/nqh/pico/pico-sdk/src/rp2_common/hardware_uart/uart.c.o
                0x00000000100016a0                uart_set_baudrate
 .text.uart_set_translate_crlf
                0x00000000100016fc       0x28 CMakeFiles/Blink.dir/home/nqh/pico/pico-sdk/src/rp2_common/hardware_uart/uart.c.o
                0x00000000100016fc                uart_set_translate_crlf
 .text.uart_init
                0x0000000010001724       0x84 CMakeFiles/Blink.dir/home/nqh/pico/pico-sdk/src/rp2_common/hardware_uart/uart.c.o
                0x0000000010001724                uart_init
 .text.clock_configure_internal
                0x00000000100017a8       0xc4 CMakeFiles/Blink.dir/home/nqh/pico/pico-sdk/src/rp2_common/hardware_clocks/clocks.c.o
 .text.clock_configure_int_divider
                0x000000001000186c       0x28 CMakeFiles/Blink.dir/home/nqh/pico/pico-sdk/src/rp2_common/hardware_clocks/clocks.c.o
                0x000000001000186c                clock_configure_int_divider
 .text.clock_configure_undivided
                0x0000000010001894       0x12 CMakeFiles/Blink.dir/home/nqh/pico/pico-sdk/src/rp2_common/hardware_clocks/clocks.c.o
                0x0000000010001894                clock_configure_undivided
 *fill*         0x00000000100018a6        0x2 
 .text.clock_get_hz
                0x00000000100018a8        0xc CMakeFiles/Blink.dir/home/nqh/pico/pico-sdk/src/rp2_common/hardware_clocks/clocks.c.o
                0x00000000100018a8                clock_get_hz
 .text.pll_init
                0x00000000100018b4      0x120 CMakeFiles/Blink.dir/home/nqh/pico/pico-sdk/src/rp2_common/hardware_pll/pll.c.o
                0x00000000100018b4                pll_init
 .text.watchdog_update
                0x00000000100019d4       0x14 CMakeFiles/Blink.dir/home/nqh/pico/pico-sdk/src/rp2_common/hardware_watchdog/watchdog.c.o
                0x00000000100019d4                watchdog_update
 .text._watchdog_enable
                0x00000000100019e8       0x78 CMakeFiles/Blink.dir/home/nqh/pico/pico-sdk/src/rp2_common/hardware_watchdog/watchdog.c.o
                0x00000000100019e8                _watchdog_enable
 .text.watchdog_reboot
                0x0000000010001a60       0x48 CMakeFiles/Blink.dir/home/nqh/pico/pico-sdk/src/rp2_common/hardware_watchdog/watchdog.c.o
                0x0000000010001a60                watchdog_reboot
 .text.tick_start
                0x0000000010001aa8       0x10 CMakeFiles/Blink.dir/home/nqh/pico/pico-sdk/src/rp2_common/hardware_ticks/ticks.c.o
                0x0000000010001aa8                tick_start
 .text.rom_func_lookup
                0x0000000010001ab8       0x10 CMakeFiles/Blink.dir/home/nqh/pico/pico-sdk/src/rp2_common/pico_bootrom/bootrom.c.o
                0x0000000010001ab8                rom_func_lookup
 .text.rom_data_lookup
                0x0000000010001ac8       0x10 CMakeFiles/Blink.dir/home/nqh/pico/pico-sdk/src/rp2_common/pico_bootrom/bootrom.c.o
                0x0000000010001ac8                rom_data_lookup
 .text.rom_funcs_lookup
                0x0000000010001ad8       0x36 CMakeFiles/Blink.dir/home/nqh/pico/pico-sdk/src/rp2_common/pico_bootrom/bootrom.c.o
                0x0000000010001ad8                rom_funcs_lookup
 *fill*         0x0000000010001b0e        0x2 
 .text.rom_reset_usb_boot_extra
                0x0000000010001b10       0x24 CMakeFiles/Blink.dir/home/nqh/pico/pico-sdk/src/rp2_common/pico_bootrom/bootrom.c.o
                0x0000000010001b10                rom_reset_usb_boot_extra
 .text.xosc_init
                0x0000000010001b34       0x2c CMakeFiles/Blink.dir/home/nqh/pico/pico-sdk/src/rp2_common/hardware_xosc/xosc.c.o
                0x0000000010001b34                xosc_init
 .text.runtime_run_initializers_from
                0x0000000010001b60       0x18 CMakeFiles/Blink.dir/home/nqh/pico/pico-sdk/src/rp2_common/pico_runtime/runtime.c.o
 .text.first_per_core_initializer
                0x0000000010001b78        0x2 CMakeFiles/Blink.dir/home/nqh/pico/pico-sdk/src/rp2_common/pico_runtime/runtime.c.o
 *fill*         0x0000000010001b7a        0x2 
 .text.runtime_run_initializers
                0x0000000010001b7c       0x10 CMakeFiles/Blink.dir/home/nqh/pico/pico-sdk/src/rp2_common/pico_runtime/runtime.c.o
                0x0000000010001b7c                runtime_run_initializers
 .text.runtime_init_early_resets
                0x0000000010001b8c       0x2c CMakeFiles/Blink.dir/home/nqh/pico/pico-sdk/src/rp2_common/pico_runtime_init/runtime_init.c.o
                0x0000000010001b8c                runtime_init_early_resets
 .text.runtime_init_usb_power_down
                0x0000000010001bb8       0x1c CMakeFiles/Blink.dir/home/nqh/pico/pico-sdk/src/rp2_common/pico_runtime_init/runtime_init.c.o
                0x0000000010001bb8                runtime_init_usb_power_down
 .text.runtime_init_post_clock_resets
                0x0000000010001bd4       0x20 CMakeFiles/Blink.dir/home/nqh/pico/pico-sdk/src/rp2_common/pico_runtime_init/runtime_init.c.o
                0x0000000010001bd4                runtime_init_post_clock_resets
 .text.runtime_init_rp2040_gpio_ie_disable
                0x0000000010001bf4       0x14 CMakeFiles/Blink.dir/home/nqh/pico/pico-sdk/src/rp2_common/pico_runtime_init/runtime_init.c.o
                0x0000000010001bf4                runtime_init_rp2040_gpio_ie_disable
 .text.runtime_init_spin_locks_reset
                0x0000000010001c08        0x8 CMakeFiles/Blink.dir/home/nqh/pico/pico-sdk/src/rp2_common/pico_runtime_init/runtime_init.c.o
                0x0000000010001c08                runtime_init_spin_locks_reset
 .text.runtime_init_install_ram_vector_table
                0x0000000010001c10       0x48 CMakeFiles/Blink.dir/home/nqh/pico/pico-sdk/src/rp2_common/pico_runtime_init/runtime_init.c.o
                0x0000000010001c10                runtime_init_install_ram_vector_table
 .text.start_all_ticks
                0x0000000010001c58       0x28 CMakeFiles/Blink.dir/home/nqh/pico/pico-sdk/src/rp2_common/pico_runtime_init/runtime_init_clocks.c.o
 .text.runtime_init_clocks
                0x0000000010001c80       0xcc CMakeFiles/Blink.dir/home/nqh/pico/pico-sdk/src/rp2_common/pico_runtime_init/runtime_init_clocks.c.o
                0x0000000010001c80                runtime_init_clocks
 .text          0x0000000010001d4c       0x10 CMakeFiles/Blink.dir/home/nqh/pico/pico-sdk/src/rp2_common/pico_bit_ops/bit_ops_aeabi.S.o
 .text.__wrap___aeabi_idiv
                0x0000000010001d5c       0x50 CMakeFiles/Blink.dir/home/nqh/pico/pico-sdk/src/rp2_common/pico_divider/divider_hardware.S.o
                0x0000000010001d5c                __wrap___aeabi_idivmod
                0x0000000010001d5c                divmod_s32s32
                0x0000000010001d5c                div_s32s32
                0x0000000010001d5c                __wrap___aeabi_idiv
                0x0000000010001d64                divmod_s32s32_unsafe
                0x0000000010001d90                divmod_s32s32_savestate
 .text.__wrap___aeabi_uidiv
                0x0000000010001dac       0x4c CMakeFiles/Blink.dir/home/nqh/pico/pico-sdk/src/rp2_common/pico_divider/divider_hardware.S.o
                0x0000000010001dac                __wrap___aeabi_uidiv
                0x0000000010001dac                __wrap___aeabi_uidivmod
                0x0000000010001dac                div_u32u32
                0x0000000010001dac                divmod_u32u32
                0x0000000010001db4                divmod_u32u32_unsafe
                0x0000000010001ddc                divmod_u32u32_savestate
 .text.__wrap___aeabi_ldiv
                0x0000000010001df8      0x424 CMakeFiles/Blink.dir/home/nqh/pico/pico-sdk/src/rp2_common/pico_divider/divider_hardware.S.o
                0x0000000010001df8                div_s64s64
                0x0000000010001df8                divmod_s64s64
                0x0000000010001df8                __wrap___aeabi_ldivmod
                0x0000000010001e28                div_u64u64
                0x0000000010001e28                divmod_u64u64
                0x0000000010001e28                __wrap___aeabi_uldivmod
                0x0000000010001e38                divmod_u64u64_savestate
                0x0000000010001e58                divmod_s64s64_unsafe
                0x0000000010001ee0                divmod_u64u64_unsafe
 .text.__wrap___aeabi_darithmetic
                0x000000001000221c       0x80 CMakeFiles/Blink.dir/home/nqh/pico/pico-sdk/src/rp2_common/pico_double/double_aeabi_rp2040.S.o
                0x000000001000221c                __wrap___aeabi_drsub
                0x0000000010002222                __wrap___aeabi_dsub
                0x0000000010002234                __wrap___aeabi_dadd
                0x0000000010002246                __wrap___aeabi_ddiv
                0x0000000010002282                __wrap___aeabi_dmul
 .text.__wrap___aeabi_cdcmple
                0x000000001000229c       0x6c CMakeFiles/Blink.dir/home/nqh/pico/pico-sdk/src/rp2_common/pico_double/double_aeabi_rp2040.S.o
                0x000000001000229c                __wrap___aeabi_cdrcmple
                0x00000000100022ac                __wrap___aeabi_cdcmple
                0x00000000100022ac                __wrap___aeabi_cdcmpeq
 .text.__wrap___aeabi_dcmplt
                0x0000000010002308        0xc CMakeFiles/Blink.dir/home/nqh/pico/pico-sdk/src/rp2_common/pico_double/double_aeabi_rp2040.S.o
                0x0000000010002308                __wrap___aeabi_dcmplt
 .text.__wrap___aeabi_dcmple
                0x0000000010002314       0x10 CMakeFiles/Blink.dir/home/nqh/pico/pico-sdk/src/rp2_common/pico_double/double_aeabi_rp2040.S.o
                0x0000000010002314                __wrap___aeabi_dcmple
 .text.__wrap___aeabi_dcmpge
                0x0000000010002324       0x10 CMakeFiles/Blink.dir/home/nqh/pico/pico-sdk/src/rp2_common/pico_double/double_aeabi_rp2040.S.o
                0x0000000010002324                __wrap___aeabi_dcmpge
 .text.__wrap___aeabi_dcmpgt
                0x0000000010002334        0xa CMakeFiles/Blink.dir/home/nqh/pico/pico-sdk/src/rp2_common/pico_double/double_aeabi_rp2040.S.o
                0x0000000010002334                __wrap___aeabi_dcmpgt
 .text.__wrap___aeabi_dcmpun
                0x000000001000233e       0x18 CMakeFiles/Blink.dir/home/nqh/pico/pico-sdk/src/rp2_common/pico_double/double_aeabi_rp2040.S.o
                0x000000001000233e                __wrap___aeabi_dcmpun
 *fill*         0x0000000010002356        0x2 
 .text.__wrap___aeabi_i2d
                0x0000000010002358       0x38 CMakeFiles/Blink.dir/home/nqh/pico/pico-sdk/src/rp2_common/pico_double/double_aeabi_rp2040.S.o
                0x0000000010002358                __wrap___aeabi_ui2d
                0x0000000010002358                uint2double
                0x0000000010002360                __wrap___aeabi_i2d
                0x0000000010002360                int2double
 .text.__wrap___aeabi_d2iz
                0x0000000010002390       0x48 CMakeFiles/Blink.dir/home/nqh/pico/pico-sdk/src/rp2_common/pico_double/double_aeabi_rp2040.S.o
                0x0000000010002390                __wrap___aeabi_d2iz
                0x0000000010002390                double2int_z
 .text.__wrap___aeabi_d2uiz
                0x00000000100023d8       0x18 CMakeFiles/Blink.dir/home/nqh/pico/pico-sdk/src/rp2_common/pico_double/double_aeabi_rp2040.S.o
                0x00000000100023d8                double2uint_z
                0x00000000100023d8                double2uint
                0x00000000100023d8                __wrap___aeabi_d2uiz
 .text.__aeabi_double_init
                0x00000000100023f0       0xc8 CMakeFiles/Blink.dir/home/nqh/pico/pico-sdk/src/rp2_common/pico_double/double_init_rom_rp2040.c.o
                0x00000000100023f0                __aeabi_double_init
 .text.double_table_shim_on_use_helper
                0x00000000100024b8       0x34 CMakeFiles/Blink.dir/home/nqh/pico/pico-sdk/src/rp2_common/pico_double/double_v1_rom_shim_rp2040.S.o
                0x00000000100024b8                double_table_shim_on_use_helper
 .text.__wrap___aeabi_dsub
                0x00000000100024ec       0x10 CMakeFiles/Blink.dir/home/nqh/pico/pico-sdk/src/rp2_common/pico_double/double_v1_rom_shim_rp2040.S.o
                0x00000000100024ec                drsub_shim
                0x00000000100024f2                dsub_shim
 .text.dadd_shim
                0x00000000100024fc      0x15c CMakeFiles/Blink.dir/home/nqh/pico/pico-sdk/src/rp2_common/pico_double/double_v1_rom_shim_rp2040.S.o
                0x00000000100024fc                dadd_shim
 .text.dmul_shim
                0x0000000010002658      0x15c CMakeFiles/Blink.dir/home/nqh/pico/pico-sdk/src/rp2_common/pico_double/double_v1_rom_shim_rp2040.S.o
                0x0000000010002658                dmul_shim
 .text.ddiv_shim
                0x00000000100027b4      0x1b0 CMakeFiles/Blink.dir/home/nqh/pico/pico-sdk/src/rp2_common/pico_double/double_v1_rom_shim_rp2040.S.o
                0x00000000100027b4                ddiv_shim
 .text.double2uint_shim
                0x0000000010002964        0xe CMakeFiles/Blink.dir/home/nqh/pico/pico-sdk/src/rp2_common/pico_double/double_v1_rom_shim_rp2040.S.o
                0x0000000010002964                double2uint_shim
                0x0000000010002966                double2ufix_shim
 *fill*         0x0000000010002972        0x2 
 .text.double2uint64_shim
                0x0000000010002974       0x70 CMakeFiles/Blink.dir/home/nqh/pico/pico-sdk/src/rp2_common/pico_double/double_v1_rom_shim_rp2040.S.o
                0x0000000010002974                double2uint64_shim
                0x0000000010002976                double2ufix64_shim
                0x0000000010002996                d2fix_a
 .text.dunpacks
                0x00000000100029e4       0x3c CMakeFiles/Blink.dir/home/nqh/pico/pico-sdk/src/rp2_common/pico_double/double_v1_rom_shim_rp2040.S.o
                0x00000000100029e4                dunpacks
 .text.__aeabi_lmul
                0x0000000010002a20       0x32 CMakeFiles/Blink.dir/home/nqh/pico/pico-sdk/src/rp2_common/pico_int64_ops/pico_int64_ops_aeabi.S.o
                0x0000000010002a20                __wrap___aeabi_lmul
 *fill*         0x0000000010002a52        0x2 
 .text.__aeabi_float_init
                0x0000000010002a54       0xfc CMakeFiles/Blink.dir/home/nqh/pico/pico-sdk/src/rp2_common/pico_float/float_init_rom_rp2040.c.o
                0x0000000010002a54                __aeabi_float_init
 .text.float_table_shim_on_use_helper
                0x0000000010002b50       0x34 CMakeFiles/Blink.dir/home/nqh/pico/pico-sdk/src/rp2_common/pico_float/float_v1_rom_shim_rp2040.S.o
                0x0000000010002b50                float_table_shim_on_use_helper
 .text          0x0000000010002b84       0x10 CMakeFiles/Blink.dir/home/nqh/pico/pico-sdk/src/rp2_common/pico_mem_ops/mem_ops_aeabi.S.o
                0x0000000010002b84                __aeabi_mem_init
 .text.memset   0x0000000010002b94        0xc CMakeFiles/Blink.dir/home/nqh/pico/pico-sdk/src/rp2_common/pico_mem_ops/mem_ops_aeabi.S.o
                0x0000000010002b94                __wrap_memset
 .text.memcpy   0x0000000010002ba0        0xc CMakeFiles/Blink.dir/home/nqh/pico/pico-sdk/src/rp2_common/pico_mem_ops/mem_ops_aeabi.S.o
                0x0000000010002ba0                __wrap___aeabi_memcpy
                0x0000000010002ba0                __wrap_memcpy
 .text._out_null
                0x0000000010002bac        0x2 CMakeFiles/Blink.dir/home/nqh/pico/pico-sdk/src/rp2_common/pico_printf/printf.c.o
 .text._out_fct
                0x0000000010002bae        0xe CMakeFiles/Blink.dir/home/nqh/pico/pico-sdk/src/rp2_common/pico_printf/printf.c.o
 .text._atoi    0x0000000010002bbc       0x24 CMakeFiles/Blink.dir/home/nqh/pico/pico-sdk/src/rp2_common/pico_printf/printf.c.o
 .text._out_rev
                0x0000000010002be0       0xae CMakeFiles/Blink.dir/home/nqh/pico/pico-sdk/src/rp2_common/pico_printf/printf.c.o
 .text._ntoa_format
                0x0000000010002c8e      0x112 CMakeFiles/Blink.dir/home/nqh/pico/pico-sdk/src/rp2_common/pico_printf/printf.c.o
 .text._ntoa_long
                0x0000000010002da0       0xbc CMakeFiles/Blink.dir/home/nqh/pico/pico-sdk/src/rp2_common/pico_printf/printf.c.o
 .text._ntoa_long_long
                0x0000000010002e5c       0xe2 CMakeFiles/Blink.dir/home/nqh/pico/pico-sdk/src/rp2_common/pico_printf/printf.c.o
 *fill*         0x0000000010002f3e        0x2 
 .text._etoa    0x0000000010002f40      0x414 CMakeFiles/Blink.dir/home/nqh/pico/pico-sdk/src/rp2_common/pico_printf/printf.c.o
 .text._ftoa    0x0000000010003354      0x354 CMakeFiles/Blink.dir/home/nqh/pico/pico-sdk/src/rp2_common/pico_printf/printf.c.o
 .text._vsnprintf
                0x00000000100036a8      0x624 CMakeFiles/Blink.dir/home/nqh/pico/pico-sdk/src/rp2_common/pico_printf/printf.c.o
 .text.vfctprintf
                0x0000000010003ccc       0x20 CMakeFiles/Blink.dir/home/nqh/pico/pico-sdk/src/rp2_common/pico_printf/printf.c.o
                0x0000000010003ccc                vfctprintf
 .text._exit    0x0000000010003cec        0x4 CMakeFiles/Blink.dir/home/nqh/pico/pico-sdk/src/rp2_common/pico_clib_interface/newlib_interface.c.o
                0x0000000010003cec                _exit
 .text.exit     0x0000000010003cf0        0x6 CMakeFiles/Blink.dir/home/nqh/pico/pico-sdk/src/rp2_common/pico_clib_interface/newlib_interface.c.o
                0x0000000010003cf0                exit
 *fill*         0x0000000010003cf6        0x2 
 .text.__assert_func
                0x0000000010003cf8       0x3c CMakeFiles/Blink.dir/home/nqh/pico/pico-sdk/src/rp2_common/pico_clib_interface/newlib_interface.c.o
                0x0000000010003cf8                __assert_func
 .text.runtime_init
                0x0000000010003d34       0x28 CMakeFiles/Blink.dir/home/nqh/pico/pico-sdk/src/rp2_common/pico_clib_interface/newlib_interface.c.o
                0x0000000010003d34                runtime_init
 .text.stdio_out_chars_no_crlf
                0x0000000010003d5c        0xe CMakeFiles/Blink.dir/home/nqh/pico/pico-sdk/src/rp2_common/pico_stdio/stdio.c.o
 *fill*         0x0000000010003d6a        0x2 
 .text.stdio_out_chars_crlf
                0x0000000010003d6c       0x80 CMakeFiles/Blink.dir/home/nqh/pico/pico-sdk/src/rp2_common/pico_stdio/stdio.c.o
 .text.stdio_stack_buffer_flush
                0x0000000010003dec       0x44 CMakeFiles/Blink.dir/home/nqh/pico/pico-sdk/src/rp2_common/pico_stdio/stdio.c.o
 .text.stdio_buffered_printer
                0x0000000010003e30       0x20 CMakeFiles/Blink.dir/home/nqh/pico/pico-sdk/src/rp2_common/pico_stdio/stdio.c.o
 .text.stdout_serialize_begin
                0x0000000010003e50       0x30 CMakeFiles/Blink.dir/home/nqh/pico/pico-sdk/src/rp2_common/pico_stdio/stdio.c.o
                0x0000000010003e50                stdout_serialize_begin
 .text.stdout_serialize_end
                0x0000000010003e80       0x10 CMakeFiles/Blink.dir/home/nqh/pico/pico-sdk/src/rp2_common/pico_stdio/stdio.c.o
                0x0000000010003e80                stdout_serialize_end
 .text.stdio_put_string
                0x0000000010003e90       0x94 CMakeFiles/Blink.dir/home/nqh/pico/pico-sdk/src/rp2_common/pico_stdio/stdio.c.o
                0x0000000010003e90                stdio_put_string
 .text.stdio_set_driver_enabled
                0x0000000010003f24       0x2c CMakeFiles/Blink.dir/home/nqh/pico/pico-sdk/src/rp2_common/pico_stdio/stdio.c.o
                0x0000000010003f24                stdio_set_driver_enabled
 .text.stdio_flush
                0x0000000010003f50       0x20 CMakeFiles/Blink.dir/home/nqh/pico/pico-sdk/src/rp2_common/pico_stdio/stdio.c.o
                0x0000000010003f50                stdio_flush
 .text.stdio_init_all
                0x0000000010003f70        0xe CMakeFiles/Blink.dir/home/nqh/pico/pico-sdk/src/rp2_common/pico_stdio/stdio.c.o
                0x0000000010003f70                stdio_init_all
 .text.__wrap_puts
                0x0000000010003f7e       0x1e CMakeFiles/Blink.dir/home/nqh/pico/pico-sdk/src/rp2_common/pico_stdio/stdio.c.o
                0x0000000010003f7e                __wrap_puts
                0x0000000010003f7e                stdio_puts
 .text.__wrap_vprintf
                0x0000000010003f9c       0x40 CMakeFiles/Blink.dir/home/nqh/pico/pico-sdk/src/rp2_common/pico_stdio/stdio.c.o
                0x0000000010003f9c                __wrap_vprintf
                0x0000000010003f9c                stdio_vprintf
 .text.__wrap_printf
                0x0000000010003fdc       0x18 CMakeFiles/Blink.dir/home/nqh/pico/pico-sdk/src/rp2_common/pico_stdio/stdio.c.o
                0x0000000010003fdc                stdio_printf
                0x0000000010003fdc                __wrap_printf
 .text.stdio_uart_out_chars
                0x0000000010003ff4       0x74 CMakeFiles/Blink.dir/home/nqh/pico/pico-sdk/src/rp2_common/pico_stdio_uart/stdio_uart.c.o
 .text.stdio_uart_in_chars
                0x0000000010004068       0x80 CMakeFiles/Blink.dir/home/nqh/pico/pico-sdk/src/rp2_common/pico_stdio_uart/stdio_uart.c.o
                0x0000000010004068                stdio_uart_in_chars
 .text.on_uart_rx
                0x00000000100040e8       0x28 CMakeFiles/Blink.dir/home/nqh/pico/pico-sdk/src/rp2_common/pico_stdio_uart/stdio_uart.c.o
 .text.stdio_uart_out_flush
                0x0000000010004110       0x10 CMakeFiles/Blink.dir/home/nqh/pico/pico-sdk/src/rp2_common/pico_stdio_uart/stdio_uart.c.o
 .text.stdio_uart_set_chars_available_callback
                0x0000000010004120       0x94 CMakeFiles/Blink.dir/home/nqh/pico/pico-sdk/src/rp2_common/pico_stdio_uart/stdio_uart.c.o
 .text.stdio_uart_init_full
                0x00000000100041b4       0x44 CMakeFiles/Blink.dir/home/nqh/pico/pico-sdk/src/rp2_common/pico_stdio_uart/stdio_uart.c.o
                0x00000000100041b4                stdio_uart_init_full
 .text.stdio_uart_init
                0x00000000100041f8       0x30 CMakeFiles/Blink.dir/home/nqh/pico/pico-sdk/src/rp2_common/pico_stdio_uart/stdio_uart.c.o
                0x00000000100041f8                stdio_uart_init
 .text.resetd_init
                0x0000000010004228        0x2 CMakeFiles/Blink.dir/home/nqh/pico/pico-sdk/src/rp2_common/pico_stdio_usb/reset_interface.c.o
 *fill*         0x000000001000422a        0x2 
 .text.resetd_reset
                0x000000001000422c        0xc CMakeFiles/Blink.dir/home/nqh/pico/pico-sdk/src/rp2_common/pico_stdio_usb/reset_interface.c.o
 .text.resetd_open
                0x0000000010004238       0x34 CMakeFiles/Blink.dir/home/nqh/pico/pico-sdk/src/rp2_common/pico_stdio_usb/reset_interface.c.o
 .text.resetd_xfer_cb
                0x000000001000426c        0x4 CMakeFiles/Blink.dir/home/nqh/pico/pico-sdk/src/rp2_common/pico_stdio_usb/reset_interface.c.o
 .text.resetd_control_xfer_cb
                0x0000000010004270       0x60 CMakeFiles/Blink.dir/home/nqh/pico/pico-sdk/src/rp2_common/pico_stdio_usb/reset_interface.c.o
 .text.tud_descriptor_bos_cb
                0x00000000100042d0        0x8 CMakeFiles/Blink.dir/home/nqh/pico/pico-sdk/src/rp2_common/pico_stdio_usb/reset_interface.c.o
                0x00000000100042d0                tud_descriptor_bos_cb
 .text.tud_vendor_control_xfer_cb
                0x00000000100042d8       0x38 CMakeFiles/Blink.dir/home/nqh/pico/pico-sdk/src/rp2_common/pico_stdio_usb/reset_interface.c.o
                0x00000000100042d8                tud_vendor_control_xfer_cb
 .text.usbd_app_driver_get_cb
                0x0000000010004310        0xc CMakeFiles/Blink.dir/home/nqh/pico/pico-sdk/src/rp2_common/pico_stdio_usb/reset_interface.c.o
                0x0000000010004310                usbd_app_driver_get_cb
 .text.tud_cdc_line_coding_cb
                0x000000001000431c       0x2c CMakeFiles/Blink.dir/home/nqh/pico/pico-sdk/src/rp2_common/pico_stdio_usb/reset_interface.c.o
                0x000000001000431c                tud_cdc_line_coding_cb
 .text.stdio_usb_set_chars_available_callback
                0x0000000010004348       0x14 CMakeFiles/Blink.dir/home/nqh/pico/pico-sdk/src/rp2_common/pico_stdio_usb/stdio_usb.c.o
                0x0000000010004348                stdio_usb_set_chars_available_callback
 .text.stdio_usb_out_flush
                0x000000001000435c       0x4c CMakeFiles/Blink.dir/home/nqh/pico/pico-sdk/src/rp2_common/pico_stdio_usb/stdio_usb.c.o
 .text.usb_irq  0x00000000100043a8       0x10 CMakeFiles/Blink.dir/home/nqh/pico/pico-sdk/src/rp2_common/pico_stdio_usb/stdio_usb.c.o
 .text.timer_task
                0x00000000100043b8       0x68 CMakeFiles/Blink.dir/home/nqh/pico/pico-sdk/src/rp2_common/pico_stdio_usb/stdio_usb.c.o
 .text.low_priority_worker_irq
                0x0000000010004420       0xcc CMakeFiles/Blink.dir/home/nqh/pico/pico-sdk/src/rp2_common/pico_stdio_usb/stdio_usb.c.o
 .text.stdio_usb_init
                0x00000000100044ec      0x100 CMakeFiles/Blink.dir/home/nqh/pico/pico-sdk/src/rp2_common/pico_stdio_usb/stdio_usb.c.o
                0x00000000100044ec                stdio_usb_init
 .text.stdio_usb_connected
                0x00000000100045ec        0xa CMakeFiles/Blink.dir/home/nqh/pico/pico-sdk/src/rp2_common/pico_stdio_usb/stdio_usb.c.o
                0x00000000100045ec                stdio_usb_connected
 *fill*         0x00000000100045f6        0x2 
 .text.stdio_usb_in_chars
                0x00000000100045f8       0x98 CMakeFiles/Blink.dir/home/nqh/pico/pico-sdk/src/rp2_common/pico_stdio_usb/stdio_usb.c.o
                0x00000000100045f8                stdio_usb_in_chars
 .text.stdio_usb_out_chars
                0x0000000010004690       0xe8 CMakeFiles/Blink.dir/home/nqh/pico/pico-sdk/src/rp2_common/pico_stdio_usb/stdio_usb.c.o
 .text.tud_descriptor_device_cb
                0x0000000010004778        0x8 CMakeFiles/Blink.dir/home/nqh/pico/pico-sdk/src/rp2_common/pico_stdio_usb/stdio_usb_descriptors.c.o
                0x0000000010004778                tud_descriptor_device_cb
 .text.tud_descriptor_configuration_cb
                0x0000000010004780        0x8 CMakeFiles/Blink.dir/home/nqh/pico/pico-sdk/src/rp2_common/pico_stdio_usb/stdio_usb_descriptors.c.o
                0x0000000010004780                tud_descriptor_configuration_cb
 .text.tud_descriptor_string_cb
                0x0000000010004788       0x6c CMakeFiles/Blink.dir/home/nqh/pico/pico-sdk/src/rp2_common/pico_stdio_usb/stdio_usb_descriptors.c.o
                0x0000000010004788                tud_descriptor_string_cb
 .text._retrieve_unique_id_on_boot
                0x00000000100047f4       0x10 CMakeFiles/Blink.dir/home/nqh/pico/pico-sdk/src/rp2_common/pico_unique_id/unique_id.c.o
 .text.pico_get_unique_board_id_string
                0x0000000010004804       0x60 CMakeFiles/Blink.dir/home/nqh/pico/pico-sdk/src/rp2_common/pico_unique_id/unique_id.c.o
                0x0000000010004804                pico_get_unique_board_id_string
 .text.flash_get_unique_id
                0x0000000010004864       0x46 CMakeFiles/Blink.dir/home/nqh/pico/pico-sdk/src/rp2_common/hardware_flash/flash.c.o
                0x0000000010004864                flash_get_unique_id
 *fill*         0x00000000100048aa        0x2 
 .text.hw_endpoint_init
                0x00000000100048ac       0xbc CMakeFiles/Blink.dir/home/nqh/pico/pico-sdk/lib/tinyusb/src/portable/raspberrypi/rp2040/dcd_rp2040.c.o
 .text.hw_endpoint_alloc
                0x0000000010004968       0x48 CMakeFiles/Blink.dir/home/nqh/pico/pico-sdk/lib/tinyusb/src/portable/raspberrypi/rp2040/dcd_rp2040.c.o
 .text.hw_endpoint_open
                0x00000000100049b0       0x50 CMakeFiles/Blink.dir/home/nqh/pico/pico-sdk/lib/tinyusb/src/portable/raspberrypi/rp2040/dcd_rp2040.c.o
 .text.hw_endpoint_xfer
                0x0000000010004a00       0x20 CMakeFiles/Blink.dir/home/nqh/pico/pico-sdk/lib/tinyusb/src/portable/raspberrypi/rp2040/dcd_rp2040.c.o
 .text.dcd_int_enable
                0x0000000010004a20       0x2c CMakeFiles/Blink.dir/home/nqh/pico/pico-sdk/lib/tinyusb/src/portable/raspberrypi/rp2040/dcd_rp2040.c.o
                0x0000000010004a20                dcd_int_enable
 .text.dcd_set_address
                0x0000000010004a4c       0x2c CMakeFiles/Blink.dir/home/nqh/pico/pico-sdk/lib/tinyusb/src/portable/raspberrypi/rp2040/dcd_rp2040.c.o
                0x0000000010004a4c                dcd_set_address
 .text.dcd_connect
                0x0000000010004a78       0x10 CMakeFiles/Blink.dir/home/nqh/pico/pico-sdk/lib/tinyusb/src/portable/raspberrypi/rp2040/dcd_rp2040.c.o
                0x0000000010004a78                dcd_connect
 .text.dcd_init
                0x0000000010004a88       0x80 CMakeFiles/Blink.dir/home/nqh/pico/pico-sdk/lib/tinyusb/src/portable/raspberrypi/rp2040/dcd_rp2040.c.o
                0x0000000010004a88                dcd_init
 .text.dcd_sof_enable
                0x0000000010004b08       0x1c CMakeFiles/Blink.dir/home/nqh/pico/pico-sdk/lib/tinyusb/src/portable/raspberrypi/rp2040/dcd_rp2040.c.o
                0x0000000010004b08                dcd_sof_enable
 .text.dcd_edpt0_status_complete
                0x0000000010004b24       0x1c CMakeFiles/Blink.dir/home/nqh/pico/pico-sdk/lib/tinyusb/src/portable/raspberrypi/rp2040/dcd_rp2040.c.o
                0x0000000010004b24                dcd_edpt0_status_complete
 .text.dcd_edpt_open
                0x0000000010004b40       0x28 CMakeFiles/Blink.dir/home/nqh/pico/pico-sdk/lib/tinyusb/src/portable/raspberrypi/rp2040/dcd_rp2040.c.o
                0x0000000010004b40                dcd_edpt_open
 .text.dcd_edpt_close_all
                0x0000000010004b68        0x8 CMakeFiles/Blink.dir/home/nqh/pico/pico-sdk/lib/tinyusb/src/portable/raspberrypi/rp2040/dcd_rp2040.c.o
                0x0000000010004b68                dcd_edpt_close_all
 .text.dcd_edpt_xfer
                0x0000000010004b70       0x30 CMakeFiles/Blink.dir/home/nqh/pico/pico-sdk/lib/tinyusb/src/portable/raspberrypi/rp2040/dcd_rp2040.c.o
                0x0000000010004b70                dcd_edpt_xfer
 .text.dcd_edpt_stall
                0x0000000010004ba0       0x3c CMakeFiles/Blink.dir/home/nqh/pico/pico-sdk/lib/tinyusb/src/portable/raspberrypi/rp2040/dcd_rp2040.c.o
                0x0000000010004ba0                dcd_edpt_stall
 .text.dcd_edpt_clear_stall
                0x0000000010004bdc       0x30 CMakeFiles/Blink.dir/home/nqh/pico/pico-sdk/lib/tinyusb/src/portable/raspberrypi/rp2040/dcd_rp2040.c.o
                0x0000000010004bdc                dcd_edpt_clear_stall
 .text.unaligned_memcpy
                0x0000000010004c0c       0x14 CMakeFiles/Blink.dir/home/nqh/pico/pico-sdk/lib/tinyusb/src/portable/raspberrypi/rp2040/rp2040_usb.c.o
 .text.rp2040_usb_init
                0x0000000010004c20       0x44 CMakeFiles/Blink.dir/home/nqh/pico/pico-sdk/lib/tinyusb/src/portable/raspberrypi/rp2040/rp2040_usb.c.o
                0x0000000010004c20                rp2040_usb_init
 .text.hw_endpoint_xfer_start
                0x0000000010004c64       0x60 CMakeFiles/Blink.dir/home/nqh/pico/pico-sdk/lib/tinyusb/src/portable/raspberrypi/rp2040/rp2040_usb.c.o
                0x0000000010004c64                hw_endpoint_xfer_start
 .text.configuration_reset
                0x0000000010004cc4       0x84 CMakeFiles/Blink.dir/home/nqh/pico/pico-sdk/lib/tinyusb/src/device/usbd.c.o
 .text.usbd_reset
                0x0000000010004d48        0xc CMakeFiles/Blink.dir/home/nqh/pico/pico-sdk/lib/tinyusb/src/device/usbd.c.o
 .text.invoke_class_control
                0x0000000010004d54       0x1a CMakeFiles/Blink.dir/home/nqh/pico/pico-sdk/lib/tinyusb/src/device/usbd.c.o
 *fill*         0x0000000010004d6e        0x2 
 .text.process_set_config
                0x0000000010004d70      0x19c CMakeFiles/Blink.dir/home/nqh/pico/pico-sdk/lib/tinyusb/src/device/usbd.c.o
 .text.tud_event_hook_cb
                0x0000000010004f0c        0x2 CMakeFiles/Blink.dir/home/nqh/pico/pico-sdk/lib/tinyusb/src/device/usbd.c.o
                0x0000000010004f0c                tud_event_hook_cb
 .text.tud_sof_cb
                0x0000000010004f0e        0x2 CMakeFiles/Blink.dir/home/nqh/pico/pico-sdk/lib/tinyusb/src/device/usbd.c.o
                0x0000000010004f0e                tud_sof_cb
 .text.tud_descriptor_device_qualifier_cb
                0x0000000010004f10        0x4 CMakeFiles/Blink.dir/home/nqh/pico/pico-sdk/lib/tinyusb/src/device/usbd.c.o
                0x0000000010004f10                tud_descriptor_device_qualifier_cb
 .text.tud_descriptor_other_speed_configuration_cb
                0x0000000010004f14        0x4 CMakeFiles/Blink.dir/home/nqh/pico/pico-sdk/lib/tinyusb/src/device/usbd.c.o
                0x0000000010004f14                tud_descriptor_other_speed_configuration_cb
 .text.process_get_descriptor
                0x0000000010004f18       0xe0 CMakeFiles/Blink.dir/home/nqh/pico/pico-sdk/lib/tinyusb/src/device/usbd.c.o
 .text.tud_mount_cb
                0x0000000010004ff8        0x2 CMakeFiles/Blink.dir/home/nqh/pico/pico-sdk/lib/tinyusb/src/device/usbd.c.o
                0x0000000010004ff8                tud_mount_cb
 .text.tud_umount_cb
                0x0000000010004ffa        0x2 CMakeFiles/Blink.dir/home/nqh/pico/pico-sdk/lib/tinyusb/src/device/usbd.c.o
                0x0000000010004ffa                tud_umount_cb
 .text.tud_suspend_cb
                0x0000000010004ffc        0x2 CMakeFiles/Blink.dir/home/nqh/pico/pico-sdk/lib/tinyusb/src/device/usbd.c.o
                0x0000000010004ffc                tud_suspend_cb
 .text.tud_resume_cb
                0x0000000010004ffe        0x2 CMakeFiles/Blink.dir/home/nqh/pico/pico-sdk/lib/tinyusb/src/device/usbd.c.o
                0x0000000010004ffe                tud_resume_cb
 .text.tud_mounted
                0x0000000010005000       0x10 CMakeFiles/Blink.dir/home/nqh/pico/pico-sdk/lib/tinyusb/src/device/usbd.c.o
                0x0000000010005000                tud_mounted
 .text.tud_suspended
                0x0000000010005010       0x10 CMakeFiles/Blink.dir/home/nqh/pico/pico-sdk/lib/tinyusb/src/device/usbd.c.o
                0x0000000010005010                tud_suspended
 .text.tud_inited
                0x0000000010005020       0x14 CMakeFiles/Blink.dir/home/nqh/pico/pico-sdk/lib/tinyusb/src/device/usbd.c.o
                0x0000000010005020                tud_inited
 .text.tud_rhport_init
                0x0000000010005034      0x100 CMakeFiles/Blink.dir/home/nqh/pico/pico-sdk/lib/tinyusb/src/device/usbd.c.o
                0x0000000010005034                tud_rhport_init
 .text.usbd_edpt_open
                0x0000000010005134       0x60 CMakeFiles/Blink.dir/home/nqh/pico/pico-sdk/lib/tinyusb/src/device/usbd.c.o
                0x0000000010005134                usbd_edpt_open
 .text.usbd_open_edpt_pair
                0x0000000010005194       0x88 CMakeFiles/Blink.dir/home/nqh/pico/pico-sdk/lib/tinyusb/src/device/usbd.c.o
                0x0000000010005194                usbd_open_edpt_pair
 .text.usbd_edpt_claim
                0x000000001000521c       0x28 CMakeFiles/Blink.dir/home/nqh/pico/pico-sdk/lib/tinyusb/src/device/usbd.c.o
                0x000000001000521c                usbd_edpt_claim
 .text.usbd_edpt_release
                0x0000000010005244       0x28 CMakeFiles/Blink.dir/home/nqh/pico/pico-sdk/lib/tinyusb/src/device/usbd.c.o
                0x0000000010005244                usbd_edpt_release
 .text.usbd_edpt_xfer
                0x000000001000526c       0x88 CMakeFiles/Blink.dir/home/nqh/pico/pico-sdk/lib/tinyusb/src/device/usbd.c.o
                0x000000001000526c                usbd_edpt_xfer
 .text.usbd_edpt_stall
                0x00000000100052f4       0x34 CMakeFiles/Blink.dir/home/nqh/pico/pico-sdk/lib/tinyusb/src/device/usbd.c.o
                0x00000000100052f4                usbd_edpt_stall
 .text.usbd_edpt_clear_stall
                0x0000000010005328       0x34 CMakeFiles/Blink.dir/home/nqh/pico/pico-sdk/lib/tinyusb/src/device/usbd.c.o
                0x0000000010005328                usbd_edpt_clear_stall
 .text.usbd_edpt_stalled
                0x000000001000535c       0x1c CMakeFiles/Blink.dir/home/nqh/pico/pico-sdk/lib/tinyusb/src/device/usbd.c.o
                0x000000001000535c                usbd_edpt_stalled
 .text.process_control_request
                0x0000000010005378      0x390 CMakeFiles/Blink.dir/home/nqh/pico/pico-sdk/lib/tinyusb/src/device/usbd.c.o
 .text.tud_task_ext
                0x0000000010005708      0x1d0 CMakeFiles/Blink.dir/home/nqh/pico/pico-sdk/lib/tinyusb/src/device/usbd.c.o
                0x0000000010005708                tud_task_ext
 .text.data_stage_xact
                0x00000000100058d8       0x60 CMakeFiles/Blink.dir/home/nqh/pico/pico-sdk/lib/tinyusb/src/device/usbd_control.c.o
 .text.tud_control_status
                0x0000000010005938       0x38 CMakeFiles/Blink.dir/home/nqh/pico/pico-sdk/lib/tinyusb/src/device/usbd_control.c.o
                0x0000000010005938                tud_control_status
 .text.tud_control_xfer
                0x0000000010005970       0xa8 CMakeFiles/Blink.dir/home/nqh/pico/pico-sdk/lib/tinyusb/src/device/usbd_control.c.o
                0x0000000010005970                tud_control_xfer
 .text.usbd_control_reset
                0x0000000010005a18       0x14 CMakeFiles/Blink.dir/home/nqh/pico/pico-sdk/lib/tinyusb/src/device/usbd_control.c.o
                0x0000000010005a18                usbd_control_reset
 .text.usbd_control_set_complete_callback
                0x0000000010005a2c        0xc CMakeFiles/Blink.dir/home/nqh/pico/pico-sdk/lib/tinyusb/src/device/usbd_control.c.o
                0x0000000010005a2c                usbd_control_set_complete_callback
 .text.usbd_control_set_request
                0x0000000010005a38       0x1c CMakeFiles/Blink.dir/home/nqh/pico/pico-sdk/lib/tinyusb/src/device/usbd_control.c.o
                0x0000000010005a38                usbd_control_set_request
 .text.usbd_control_xfer_cb
                0x0000000010005a54       0xf4 CMakeFiles/Blink.dir/home/nqh/pico/pico-sdk/lib/tinyusb/src/device/usbd_control.c.o
                0x0000000010005a54                usbd_control_xfer_cb
 .text._prep_out_transaction
                0x0000000010005b48       0xa0 CMakeFiles/Blink.dir/home/nqh/pico/pico-sdk/lib/tinyusb/src/class/cdc/cdc_device.c.o
 .text.tud_cdc_n_connected
                0x0000000010005be8       0x40 CMakeFiles/Blink.dir/home/nqh/pico/pico-sdk/lib/tinyusb/src/class/cdc/cdc_device.c.o
                0x0000000010005be8                tud_cdc_n_connected
 .text.tud_cdc_n_available
                0x0000000010005c28       0x18 CMakeFiles/Blink.dir/home/nqh/pico/pico-sdk/lib/tinyusb/src/class/cdc/cdc_device.c.o
                0x0000000010005c28                tud_cdc_n_available
 .text.tud_cdc_n_read
                0x0000000010005c40       0x38 CMakeFiles/Blink.dir/home/nqh/pico/pico-sdk/lib/tinyusb/src/class/cdc/cdc_device.c.o
                0x0000000010005c40                tud_cdc_n_read
 .text.tud_cdc_n_write_flush
                0x0000000010005c78       0xbc CMakeFiles/Blink.dir/home/nqh/pico/pico-sdk/lib/tinyusb/src/class/cdc/cdc_device.c.o
                0x0000000010005c78                tud_cdc_n_write_flush
 .text.tud_cdc_n_write
                0x0000000010005d34       0x48 CMakeFiles/Blink.dir/home/nqh/pico/pico-sdk/lib/tinyusb/src/class/cdc/cdc_device.c.o
                0x0000000010005d34                tud_cdc_n_write
 .text.tud_cdc_n_write_available
                0x0000000010005d7c       0x18 CMakeFiles/Blink.dir/home/nqh/pico/pico-sdk/lib/tinyusb/src/class/cdc/cdc_device.c.o
                0x0000000010005d7c                tud_cdc_n_write_available
 .text.cdcd_init
                0x0000000010005d94       0xac CMakeFiles/Blink.dir/home/nqh/pico/pico-sdk/lib/tinyusb/src/class/cdc/cdc_device.c.o
                0x0000000010005d94                cdcd_init
 .text.cdcd_deinit
                0x0000000010005e40       0x48 CMakeFiles/Blink.dir/home/nqh/pico/pico-sdk/lib/tinyusb/src/class/cdc/cdc_device.c.o
                0x0000000010005e40                cdcd_deinit
 .text.cdcd_reset
                0x0000000010005e88       0x70 CMakeFiles/Blink.dir/home/nqh/pico/pico-sdk/lib/tinyusb/src/class/cdc/cdc_device.c.o
                0x0000000010005e88                cdcd_reset
 .text.cdcd_open
                0x0000000010005ef8       0xec CMakeFiles/Blink.dir/home/nqh/pico/pico-sdk/lib/tinyusb/src/class/cdc/cdc_device.c.o
                0x0000000010005ef8                cdcd_open
 .text.cdcd_control_xfer_cb
                0x0000000010005fe4      0x140 CMakeFiles/Blink.dir/home/nqh/pico/pico-sdk/lib/tinyusb/src/class/cdc/cdc_device.c.o
                0x0000000010005fe4                cdcd_control_xfer_cb
 .text.cdcd_xfer_cb
                0x0000000010006124      0x148 CMakeFiles/Blink.dir/home/nqh/pico/pico-sdk/lib/tinyusb/src/class/cdc/cdc_device.c.o
                0x0000000010006124                cdcd_xfer_cb
 .text.tud_vendor_n_mounted
                0x000000001000626c       0x38 CMakeFiles/Blink.dir/home/nqh/pico/pico-sdk/lib/tinyusb/src/class/vendor/vendor_device.c.o
                0x000000001000626c                tud_vendor_n_mounted
 .text.tud_vendor_n_write_flush
                0x00000000100062a4       0x24 CMakeFiles/Blink.dir/home/nqh/pico/pico-sdk/lib/tinyusb/src/class/vendor/vendor_device.c.o
                0x00000000100062a4                tud_vendor_n_write_flush
 .text.vendord_init
                0x00000000100062c8       0x9c CMakeFiles/Blink.dir/home/nqh/pico/pico-sdk/lib/tinyusb/src/class/vendor/vendor_device.c.o
                0x00000000100062c8                vendord_init
 .text.vendord_deinit
                0x0000000010006364       0x34 CMakeFiles/Blink.dir/home/nqh/pico/pico-sdk/lib/tinyusb/src/class/vendor/vendor_device.c.o
                0x0000000010006364                vendord_deinit
 .text.vendord_reset
                0x0000000010006398       0x50 CMakeFiles/Blink.dir/home/nqh/pico/pico-sdk/lib/tinyusb/src/class/vendor/vendor_device.c.o
                0x0000000010006398                vendord_reset
 .text.vendord_open
                0x00000000100063e8      0x14c CMakeFiles/Blink.dir/home/nqh/pico/pico-sdk/lib/tinyusb/src/class/vendor/vendor_device.c.o
                0x00000000100063e8                vendord_open
 .text.vendord_xfer_cb
                0x0000000010006534       0xdc CMakeFiles/Blink.dir/home/nqh/pico/pico-sdk/lib/tinyusb/src/class/vendor/vendor_device.c.o
                0x0000000010006534                vendord_xfer_cb
 .text.tusb_rhport_init
                0x0000000010006610       0x7c CMakeFiles/Blink.dir/home/nqh/pico/pico-sdk/lib/tinyusb/src/tusb.c.o
                0x0000000010006610                tusb_rhport_init
 .text.tu_edpt_claim
                0x000000001000668c       0x50 CMakeFiles/Blink.dir/home/nqh/pico/pico-sdk/lib/tinyusb/src/tusb.c.o
                0x000000001000668c                tu_edpt_claim
 .text.tu_edpt_release
                0x00000000100066dc       0x3c CMakeFiles/Blink.dir/home/nqh/pico/pico-sdk/lib/tinyusb/src/tusb.c.o
                0x00000000100066dc                tu_edpt_release
 .text.tu_edpt_validate
                0x0000000010006718       0xac CMakeFiles/Blink.dir/home/nqh/pico/pico-sdk/lib/tinyusb/src/tusb.c.o
                0x0000000010006718                tu_edpt_validate
 .text.tu_edpt_bind_driver
                0x00000000100067c4       0x26 CMakeFiles/Blink.dir/home/nqh/pico/pico-sdk/lib/tinyusb/src/tusb.c.o
                0x00000000100067c4                tu_edpt_bind_driver
 .text.tu_edpt_stream_init
                0x00000000100067ea       0x68 CMakeFiles/Blink.dir/home/nqh/pico/pico-sdk/lib/tinyusb/src/tusb.c.o
                0x00000000100067ea                tu_edpt_stream_init
 .text.tu_edpt_stream_deinit
                0x0000000010006852        0x4 CMakeFiles/Blink.dir/home/nqh/pico/pico-sdk/lib/tinyusb/src/tusb.c.o
                0x0000000010006852                tu_edpt_stream_deinit
 *fill*         0x0000000010006856        0x2 
 .text.tu_edpt_stream_write_zlp_if_needed
                0x0000000010006858       0x80 CMakeFiles/Blink.dir/home/nqh/pico/pico-sdk/lib/tinyusb/src/tusb.c.o
                0x0000000010006858                tu_edpt_stream_write_zlp_if_needed
 .text.tu_edpt_stream_write_xfer
                0x00000000100068d8       0x84 CMakeFiles/Blink.dir/home/nqh/pico/pico-sdk/lib/tinyusb/src/tusb.c.o
                0x00000000100068d8                tu_edpt_stream_write_xfer
 .text.tu_edpt_stream_read_xfer
                0x000000001000695c       0xf4 CMakeFiles/Blink.dir/home/nqh/pico/pico-sdk/lib/tinyusb/src/tusb.c.o
                0x000000001000695c                tu_edpt_stream_read_xfer
 .text.advance_index
                0x0000000010006a50       0x1a CMakeFiles/Blink.dir/home/nqh/pico/pico-sdk/lib/tinyusb/src/common/tusb_fifo.c.o
 .text._tu_fifo_peek
                0x0000000010006a6a       0x56 CMakeFiles/Blink.dir/home/nqh/pico/pico-sdk/lib/tinyusb/src/common/tusb_fifo.c.o
 .text._ff_pull_n
                0x0000000010006ac0       0x68 CMakeFiles/Blink.dir/home/nqh/pico/pico-sdk/lib/tinyusb/src/common/tusb_fifo.c.o
 .text._tu_fifo_peek_n
                0x0000000010006b28       0x6a CMakeFiles/Blink.dir/home/nqh/pico/pico-sdk/lib/tinyusb/src/common/tusb_fifo.c.o
 .text._tu_fifo_read_n
                0x0000000010006b92       0x4e CMakeFiles/Blink.dir/home/nqh/pico/pico-sdk/lib/tinyusb/src/common/tusb_fifo.c.o
 .text._ff_push_n
                0x0000000010006be0       0x68 CMakeFiles/Blink.dir/home/nqh/pico/pico-sdk/lib/tinyusb/src/common/tusb_fifo.c.o
 .text._tu_fifo_write_n
                0x0000000010006c48       0xf0 CMakeFiles/Blink.dir/home/nqh/pico/pico-sdk/lib/tinyusb/src/common/tusb_fifo.c.o
 .text.tu_fifo_config
                0x0000000010006d38       0x7c CMakeFiles/Blink.dir/home/nqh/pico/pico-sdk/lib/tinyusb/src/common/tusb_fifo.c.o
                0x0000000010006d38                tu_fifo_config
 .text.tu_fifo_count
                0x0000000010006db4       0x2a CMakeFiles/Blink.dir/home/nqh/pico/pico-sdk/lib/tinyusb/src/common/tusb_fifo.c.o
                0x0000000010006db4                tu_fifo_count
 .text.tu_fifo_empty
                0x0000000010006dde       0x10 CMakeFiles/Blink.dir/home/nqh/pico/pico-sdk/lib/tinyusb/src/common/tusb_fifo.c.o
                0x0000000010006dde                tu_fifo_empty
 .text.tu_fifo_full
                0x0000000010006dee       0x28 CMakeFiles/Blink.dir/home/nqh/pico/pico-sdk/lib/tinyusb/src/common/tusb_fifo.c.o
                0x0000000010006dee                tu_fifo_full
 .text.tu_fifo_remaining
                0x0000000010006e16       0x2c CMakeFiles/Blink.dir/home/nqh/pico/pico-sdk/lib/tinyusb/src/common/tusb_fifo.c.o
                0x0000000010006e16                tu_fifo_remaining
 .text.tu_fifo_read
                0x0000000010006e42       0x42 CMakeFiles/Blink.dir/home/nqh/pico/pico-sdk/lib/tinyusb/src/common/tusb_fifo.c.o
                0x0000000010006e42                tu_fifo_read
 .text.tu_fifo_read_n
                0x0000000010006e84        0xa CMakeFiles/Blink.dir/home/nqh/pico/pico-sdk/lib/tinyusb/src/common/tusb_fifo.c.o
                0x0000000010006e84                tu_fifo_read_n
 .text.tu_fifo_write
                0x0000000010006e8e       0x64 CMakeFiles/Blink.dir/home/nqh/pico/pico-sdk/lib/tinyusb/src/common/tusb_fifo.c.o
                0x0000000010006e8e                tu_fifo_write
 .text.tu_fifo_write_n
                0x0000000010006ef2        0xa CMakeFiles/Blink.dir/home/nqh/pico/pico-sdk/lib/tinyusb/src/common/tusb_fifo.c.o
                0x0000000010006ef2                tu_fifo_write_n
 .text.tu_fifo_clear
                0x0000000010006efc       0x3e CMakeFiles/Blink.dir/home/nqh/pico/pico-sdk/lib/tinyusb/src/common/tusb_fifo.c.o
                0x0000000010006efc                tu_fifo_clear
 .text.tu_fifo_set_overwritable
                0x0000000010006f3a       0x46 CMakeFiles/Blink.dir/home/nqh/pico/pico-sdk/lib/tinyusb/src/common/tusb_fifo.c.o
                0x0000000010006f3a                tu_fifo_set_overwritable
 .text.i2c_read_blocking_internal
                0x0000000010006f80       0xfc CMakeFiles/Blink.dir/home/nqh/pico/pico-sdk/src/rp2_common/hardware_i2c/i2c.c.o
 .text.i2c_set_baudrate
                0x000000001000707c       0xf0 CMakeFiles/Blink.dir/home/nqh/pico/pico-sdk/src/rp2_common/hardware_i2c/i2c.c.o
                0x000000001000707c                i2c_set_baudrate
 .text.i2c_init
                0x000000001000716c       0x6c CMakeFiles/Blink.dir/home/nqh/pico/pico-sdk/src/rp2_common/hardware_i2c/i2c.c.o
                0x000000001000716c                i2c_init
 .text.i2c_read_blocking
                0x00000000100071d8       0x18 CMakeFiles/Blink.dir/home/nqh/pico/pico-sdk/src/rp2_common/hardware_i2c/i2c.c.o
                0x00000000100071d8                i2c_read_blocking
 .text          0x00000000100071f0       0x5c /usr/lib/gcc/arm-none-eabi/10.3.1/../../../arm-none-eabi/lib/thumb/v6-m/nofp/libg.a(lib_a-strlen-stub.o)
                0x00000000100071f0                strlen
 *(.fini)
 .fini          0x000000001000724c        0x4 /usr/lib/gcc/arm-none-eabi/10.3.1/thumb/v6-m/nofp/crti.o
                0x000000001000724c                _fini
 .fini.__stub   0x0000000010007250       0xd0 linker stubs
 *crtbegin.o(.ctors)
 *crtbegin?.o(.ctors)
 *(EXCLUDE_FILE(*crtend.o *crtend?.o) .ctors)
 *(SORT_BY_NAME(.ctors.*))
 *(.ctors)
 *crtbegin.o(.dtors)
 *crtbegin?.o(.dtors)
 *(EXCLUDE_FILE(*crtend.o *crtend?.o) .dtors)
 *(SORT_BY_NAME(.dtors.*))
 *(.dtors)
                0x0000000010007320                . = ALIGN (0x4)
                0x0000000010007320                PROVIDE (__preinit_array_start = .)
 *(SORT_BY_NAME(.preinit_array.*))
 .preinit_array.00100
                0x0000000010007320        0x4 CMakeFiles/Blink.dir/home/nqh/pico/pico-sdk/src/rp2_common/pico_runtime_init/runtime_init.c.o
                0x0000000010007320                __pre_init_runtime_init_early_resets
 .preinit_array.00101
                0x0000000010007324        0x4 CMakeFiles/Blink.dir/home/nqh/pico/pico-sdk/src/rp2_common/pico_runtime_init/runtime_init.c.o
                0x0000000010007324                __pre_init_runtime_init_usb_power_down
 .preinit_array.00275
                0x0000000010007328        0x4 CMakeFiles/Blink.dir/home/nqh/pico/pico-sdk/src/rp2_common/pico_bit_ops/bit_ops_aeabi.S.o
 .preinit_array.00300
                0x000000001000732c        0x4 CMakeFiles/Blink.dir/home/nqh/pico/pico-sdk/src/rp2_common/pico_mem_ops/mem_ops_aeabi.S.o
 .preinit_array.00350
                0x0000000010007330        0x4 CMakeFiles/Blink.dir/home/nqh/pico/pico-sdk/src/rp2_common/pico_double/double_aeabi_rp2040.S.o
 .preinit_array.00350
                0x0000000010007334        0x4 CMakeFiles/Blink.dir/home/nqh/pico/pico-sdk/src/rp2_common/pico_float/float_aeabi_rp2040.S.o
 .preinit_array.00500
                0x0000000010007338        0x4 CMakeFiles/Blink.dir/home/nqh/pico/pico-sdk/src/rp2_common/pico_runtime_init/runtime_init.c.o
                0x0000000010007338                __pre_init_runtime_init_clocks
 .preinit_array.00600
                0x000000001000733c        0x4 CMakeFiles/Blink.dir/home/nqh/pico/pico-sdk/src/rp2_common/pico_runtime_init/runtime_init.c.o
                0x000000001000733c                __pre_init_runtime_init_post_clock_resets
 .preinit_array.00700
                0x0000000010007340        0x4 CMakeFiles/Blink.dir/home/nqh/pico/pico-sdk/src/rp2_common/pico_runtime_init/runtime_init.c.o
                0x0000000010007340                __pre_init_runtime_init_rp2040_gpio_ie_disable
 .preinit_array.01000
                0x0000000010007344        0x4 CMakeFiles/Blink.dir/home/nqh/pico/pico-sdk/src/rp2_common/pico_runtime_init/runtime_init.c.o
                0x0000000010007344                __pre_init_runtime_init_spin_locks_reset
 .preinit_array.01100
                0x0000000010007348        0x4 CMakeFiles/Blink.dir/home/nqh/pico/pico-sdk/src/common/pico_sync/mutex.c.o
                0x0000000010007348                __pre_init_runtime_init_mutex
 .preinit_array.10080
                0x000000001000734c        0x4 CMakeFiles/Blink.dir/home/nqh/pico/pico-sdk/src/rp2_common/pico_runtime_init/runtime_init.c.o
                0x000000001000734c                __pre_init_runtime_init_install_ram_vector_table
 .preinit_array.11000
                0x0000000010007350        0x4 CMakeFiles/Blink.dir/home/nqh/pico/pico-sdk/src/common/pico_time/time.c.o
                0x0000000010007350                __pre_init_runtime_init_default_alarm_pool
 .preinit_array.YYYYY
                0x0000000010007354        0x4 CMakeFiles/Blink.dir/home/nqh/pico/pico-sdk/src/rp2_common/pico_runtime/runtime.c.o
                0x0000000010007354                __pre_init_first_per_core_initializer
 .preinit_array.ZZZZZ.01200
                0x0000000010007358        0x4 CMakeFiles/Blink.dir/home/nqh/pico/pico-sdk/src/rp2_common/hardware_irq/irq.c.o
                0x0000000010007358                __pre_init_runtime_init_per_core_irq_priorities
 *(.preinit_array)
                0x000000001000735c                PROVIDE (__preinit_array_end = .)
                0x000000001000735c                . = ALIGN (0x4)
                0x000000001000735c                PROVIDE (__init_array_start = .)
 *(SORT_BY_NAME(.init_array.*))
 .init_array.01000
                0x000000001000735c        0x4 CMakeFiles/Blink.dir/home/nqh/pico/pico-sdk/src/rp2_common/pico_unique_id/unique_id.c.o
 *(.init_array)
 .init_array    0x0000000010007360        0x4 /usr/lib/gcc/arm-none-eabi/10.3.1/thumb/v6-m/nofp/crtbegin.o
                0x0000000010007364                PROVIDE (__init_array_end = .)
                0x0000000010007364                . = ALIGN (0x4)
                0x0000000010007364                PROVIDE (__fini_array_start = .)
 *(SORT_BY_NAME(.fini_array.*))
 *(.fini_array)
                0x0000000010007364                PROVIDE (__fini_array_end = .)
 *(.eh_frame*)
 .eh_frame      0x0000000010007364        0x0 /usr/lib/gcc/arm-none-eabi/10.3.1/thumb/v6-m/nofp/crtbegin.o
                0x0000000010007364                . = ALIGN (0x4)

.glue_7         0x0000000010007364        0x0
 .glue_7        0x0000000010007364        0x0 linker stubs

.glue_7t        0x0000000010007364        0x0
 .glue_7t       0x0000000010007364        0x0 linker stubs

.vfp11_veneer   0x0000000010007364        0x0
 .vfp11_veneer  0x0000000010007364        0x0 linker stubs

.v4_bx          0x0000000010007364        0x0
 .v4_bx         0x0000000010007364        0x0 linker stubs

.iplt           0x0000000010007364        0x0
 .iplt          0x0000000010007364        0x0 /usr/lib/gcc/arm-none-eabi/10.3.1/thumb/v6-m/nofp/crtbegin.o

.rodata         0x0000000010007368     0x1570
 *(EXCLUDE_FILE(*libm.a: *libc.a:*lib_a-mem*.o *libgcc.a:) .rodata*)
 .rodata.main.str1.4
                0x0000000010007368       0x5e CMakeFiles/Blink.dir/main.c.o
                                         0x62 (size before relaxing)
 *fill*         0x00000000100073c6        0x2 
 .rodata.__bi_81.0
                0x00000000100073c8        0x8 CMakeFiles/Blink.dir/main.c.o
 .rodata.rp2040_chip_version.str1.4
                0x00000000100073d0       0x71 CMakeFiles/Blink.dir/home/nqh/pico/pico-sdk/src/rp2040/pico_platform/platform.c.o
 *fill*         0x0000000010007441        0x3 
 .rodata.__func__.0
                0x0000000010007444       0x14 CMakeFiles/Blink.dir/home/nqh/pico/pico-sdk/src/rp2040/pico_platform/platform.c.o
 .rodata.panic.str1.4
                0x0000000010007458       0x10 CMakeFiles/Blink.dir/home/nqh/pico/pico-sdk/src/rp2_common/pico_platform_panic/panic.c.o
                                         0x12 (size before relaxing)
 .rodata.spin_lock_claim_unused.str1.4
                0x0000000010007468       0x1b CMakeFiles/Blink.dir/home/nqh/pico/pico-sdk/src/rp2_common/hardware_sync/sync.c.o
 *fill*         0x0000000010007483        0x1 
 .rodata.make_j_16.str1.4
                0x0000000010007484       0x6a CMakeFiles/Blink.dir/home/nqh/pico/pico-sdk/src/rp2_common/hardware_irq/irq.c.o
 *fill*         0x00000000100074ee        0x2 
 .rodata.insert_bl_32.str1.4
                0x00000000100074f0       0x10 CMakeFiles/Blink.dir/home/nqh/pico/pico-sdk/src/rp2_common/hardware_irq/irq.c.o
 .rodata.irq_set_exclusive_handler.str1.4
                0x0000000010007500       0x36 CMakeFiles/Blink.dir/home/nqh/pico/pico-sdk/src/rp2_common/hardware_irq/irq.c.o
 *fill*         0x0000000010007536        0x2 
 .rodata.irq_add_shared_handler.str1.4
                0x0000000010007538       0xe9 CMakeFiles/Blink.dir/home/nqh/pico/pico-sdk/src/rp2_common/hardware_irq/irq.c.o
 *fill*         0x0000000010007621        0x3 
 .rodata.irq_remove_handler.str1.4
                0x0000000010007624       0x3a CMakeFiles/Blink.dir/home/nqh/pico/pico-sdk/src/rp2_common/hardware_irq/irq.c.o
 *fill*         0x000000001000765e        0x2 
 .rodata.irq_add_tail_to_free_list.str1.4
                0x0000000010007660       0x3a CMakeFiles/Blink.dir/home/nqh/pico/pico-sdk/src/rp2_common/hardware_irq/irq.c.o
 *fill*         0x000000001000769a        0x2 
 .rodata.user_irq_claim_unused.str1.4
                0x000000001000769c       0x1b CMakeFiles/Blink.dir/home/nqh/pico/pico-sdk/src/rp2_common/hardware_irq/irq.c.o
 *fill*         0x00000000100076b7        0x1 
 .rodata.__func__.0
                0x00000000100076b8       0x1a CMakeFiles/Blink.dir/home/nqh/pico/pico-sdk/src/rp2_common/hardware_irq/irq.c.o
 *fill*         0x00000000100076d2        0x2 
 .rodata.__func__.1
                0x00000000100076d4        0xd CMakeFiles/Blink.dir/home/nqh/pico/pico-sdk/src/rp2_common/hardware_irq/irq.c.o
 *fill*         0x00000000100076e1        0x3 
 .rodata.__func__.2
                0x00000000100076e4       0x13 CMakeFiles/Blink.dir/home/nqh/pico/pico-sdk/src/rp2_common/hardware_irq/irq.c.o
 *fill*         0x00000000100076f7        0x1 
 .rodata.__func__.3
                0x00000000100076f8        0xa CMakeFiles/Blink.dir/home/nqh/pico/pico-sdk/src/rp2_common/hardware_irq/irq.c.o
 *fill*         0x0000000010007702        0x2 
 .rodata.__func__.4
                0x0000000010007704        0xd CMakeFiles/Blink.dir/home/nqh/pico/pico-sdk/src/rp2_common/hardware_irq/irq.c.o
 *fill*         0x0000000010007711        0x3 
 .rodata.__func__.5
                0x0000000010007714       0x17 CMakeFiles/Blink.dir/home/nqh/pico/pico-sdk/src/rp2_common/hardware_irq/irq.c.o
 *fill*         0x000000001000772b        0x1 
 .rodata.__func__.6
                0x000000001000772c       0x1a CMakeFiles/Blink.dir/home/nqh/pico/pico-sdk/src/rp2_common/hardware_irq/irq.c.o
 *fill*         0x0000000010007746        0x2 
 .rodata.runtime_init_mutex.str1.4
                0x0000000010007748       0x55 CMakeFiles/Blink.dir/home/nqh/pico/pico-sdk/src/common/pico_sync/mutex.c.o
 *fill*         0x000000001000779d        0x3 
 .rodata.str1.4
                0x00000000100077a0       0x51 CMakeFiles/Blink.dir/home/nqh/pico/pico-sdk/src/common/pico_sync/mutex.c.o
 *fill*         0x00000000100077f1        0x3 
 .rodata.__func__.1
                0x00000000100077f4        0xb CMakeFiles/Blink.dir/home/nqh/pico/pico-sdk/src/common/pico_sync/mutex.c.o
 *fill*         0x00000000100077ff        0x1 
 .rodata.__func__.3
                0x0000000010007800       0x18 CMakeFiles/Blink.dir/home/nqh/pico/pico-sdk/src/common/pico_sync/mutex.c.o
 .rodata.__func__.6
                0x0000000010007818       0x13 CMakeFiles/Blink.dir/home/nqh/pico/pico-sdk/src/common/pico_sync/mutex.c.o
 *fill*         0x000000001000782b        0x1 
 .rodata.alarm_pool_irq_handler.str1.4
                0x000000001000782c       0x60 CMakeFiles/Blink.dir/home/nqh/pico/pico-sdk/src/common/pico_time/time.c.o
 .rodata.alarm_pool_get_default.str1.4
                0x000000001000788c       0x21 CMakeFiles/Blink.dir/home/nqh/pico/pico-sdk/src/common/pico_time/time.c.o
 *fill*         0x00000000100078ad        0x3 
 .rodata.sleep_until.str1.4
                0x00000000100078b0       0x4d CMakeFiles/Blink.dir/home/nqh/pico/pico-sdk/src/common/pico_time/time.c.o
 *fill*         0x00000000100078fd        0x3 
 .rodata.__func__.1
                0x0000000010007900       0x17 CMakeFiles/Blink.dir/home/nqh/pico/pico-sdk/src/common/pico_time/time.c.o
 *fill*         0x0000000010007917        0x1 
 .rodata.__func__.2
                0x0000000010007918       0x17 CMakeFiles/Blink.dir/home/nqh/pico/pico-sdk/src/common/pico_time/time.c.o
 *fill*         0x000000001000792f        0x1 
 .rodata.timer_hardware_alarm_claim.str1.4
                0x0000000010007930       0x22 CMakeFiles/Blink.dir/home/nqh/pico/pico-sdk/src/rp2_common/hardware_timer/timer.c.o
 *fill*         0x0000000010007952        0x2 
 .rodata.pll_init.str1.4
                0x0000000010007954      0x110 CMakeFiles/Blink.dir/home/nqh/pico/pico-sdk/src/rp2_common/hardware_pll/pll.c.o
 .rodata.__func__.0
                0x0000000010007a64        0x9 CMakeFiles/Blink.dir/home/nqh/pico/pico-sdk/src/rp2_common/hardware_pll/pll.c.o
 *fill*         0x0000000010007a6d        0x3 
 .rodata.__aeabi_double_init.str1.4
                0x0000000010007a70       0x90 CMakeFiles/Blink.dir/home/nqh/pico/pico-sdk/src/rp2_common/pico_double/double_init_rom_rp2040.c.o
 .rodata.__func__.0
                0x0000000010007b00       0x14 CMakeFiles/Blink.dir/home/nqh/pico/pico-sdk/src/rp2_common/pico_double/double_init_rom_rp2040.c.o
 .rodata.__aeabi_float_init.str1.4
                0x0000000010007b14       0x7e CMakeFiles/Blink.dir/home/nqh/pico/pico-sdk/src/rp2_common/pico_float/float_init_rom_rp2040.c.o
                                         0x82 (size before relaxing)
 *fill*         0x0000000010007b92        0x2 
 .rodata.__func__.0
                0x0000000010007b94       0x13 CMakeFiles/Blink.dir/home/nqh/pico/pico-sdk/src/rp2_common/pico_float/float_init_rom_rp2040.c.o
 *fill*         0x0000000010007ba7        0x1 
 .rodata.str1.4
                0x0000000010007ba8       0x3c CMakeFiles/Blink.dir/home/nqh/pico/pico-sdk/src/rp2_common/pico_standard_binary_info/standard_binary_info.c.o
 .rodata.__bi_26
                0x0000000010007be4        0xc CMakeFiles/Blink.dir/home/nqh/pico/pico-sdk/src/rp2_common/pico_standard_binary_info/standard_binary_info.c.o
 .rodata.__bi_34
                0x0000000010007bf0        0xc CMakeFiles/Blink.dir/home/nqh/pico/pico-sdk/src/rp2_common/pico_standard_binary_info/standard_binary_info.c.o
 .rodata.__bi_42
                0x0000000010007bfc        0xc CMakeFiles/Blink.dir/home/nqh/pico/pico-sdk/src/rp2_common/pico_standard_binary_info/standard_binary_info.c.o
 .rodata.__bi_48
                0x0000000010007c08        0xc CMakeFiles/Blink.dir/home/nqh/pico/pico-sdk/src/rp2_common/pico_standard_binary_info/standard_binary_info.c.o
 .rodata.__bi_54
                0x0000000010007c14        0xc CMakeFiles/Blink.dir/home/nqh/pico/pico-sdk/src/rp2_common/pico_standard_binary_info/standard_binary_info.c.o
 .rodata.__bi_78
                0x0000000010007c20        0xc CMakeFiles/Blink.dir/home/nqh/pico/pico-sdk/src/rp2_common/pico_standard_binary_info/standard_binary_info.c.o
 .rodata.__bi_84
                0x0000000010007c2c        0xc CMakeFiles/Blink.dir/home/nqh/pico/pico-sdk/src/rp2_common/pico_standard_binary_info/standard_binary_info.c.o
 .rodata._ftoa.str1.4
                0x0000000010007c38       0x15 CMakeFiles/Blink.dir/home/nqh/pico/pico-sdk/src/rp2_common/pico_printf/printf.c.o
 *fill*         0x0000000010007c4d        0x3 
 .rodata._vsnprintf
                0x0000000010007c50      0x1e0 CMakeFiles/Blink.dir/home/nqh/pico/pico-sdk/src/rp2_common/pico_printf/printf.c.o
 .rodata.pow10.0
                0x0000000010007e30       0x50 CMakeFiles/Blink.dir/home/nqh/pico/pico-sdk/src/rp2_common/pico_printf/printf.c.o
 .rodata.__assert_func.str1.4
                0x0000000010007e80       0x3f CMakeFiles/Blink.dir/home/nqh/pico/pico-sdk/src/rp2_common/pico_clib_interface/newlib_interface.c.o
                                         0x43 (size before relaxing)
 *fill*         0x0000000010007ebf        0x1 
 .rodata.crlf_str.0
                0x0000000010007ec0        0x2 CMakeFiles/Blink.dir/home/nqh/pico/pico-sdk/src/rp2_common/pico_stdio/stdio.c.o
 *fill*         0x0000000010007ec2        0x2 
 .rodata.str1.4
                0x0000000010007ec4       0x2c CMakeFiles/Blink.dir/home/nqh/pico/pico-sdk/src/rp2_common/pico_stdio_uart/stdio_uart.c.o
 .rodata.__bi_45.4
                0x0000000010007ef0        0xc CMakeFiles/Blink.dir/home/nqh/pico/pico-sdk/src/rp2_common/pico_stdio_uart/stdio_uart.c.o
 .rodata.__bi_49.5
                0x0000000010007efc        0x8 CMakeFiles/Blink.dir/home/nqh/pico/pico-sdk/src/rp2_common/pico_stdio_uart/stdio_uart.c.o
 .rodata.__bi_50.6
                0x0000000010007f04        0x8 CMakeFiles/Blink.dir/home/nqh/pico/pico-sdk/src/rp2_common/pico_stdio_uart/stdio_uart.c.o
 .rodata._resetd_driver
                0x0000000010007f0c       0x20 CMakeFiles/Blink.dir/home/nqh/pico/pico-sdk/src/rp2_common/pico_stdio_usb/reset_interface.c.o
 .rodata.desc_bos
                0x0000000010007f2c       0x21 CMakeFiles/Blink.dir/home/nqh/pico/pico-sdk/src/rp2_common/pico_stdio_usb/reset_interface.c.o
                0x0000000010007f2c                desc_bos
 *fill*         0x0000000010007f4d        0x3 
 .rodata.desc_ms_os_20
                0x0000000010007f50       0xa6 CMakeFiles/Blink.dir/home/nqh/pico/pico-sdk/src/rp2_common/pico_stdio_usb/reset_interface.c.o
 *fill*         0x0000000010007ff6        0x2 
 .rodata.stdio_usb_init.str1.4
                0x0000000010007ff8       0x42 CMakeFiles/Blink.dir/home/nqh/pico/pico-sdk/src/rp2_common/pico_stdio_usb/stdio_usb.c.o
                                         0x4a (size before relaxing)
 *fill*         0x000000001000803a        0x2 
 .rodata.str1.4
                0x000000001000803c       0x13 CMakeFiles/Blink.dir/home/nqh/pico/pico-sdk/src/rp2_common/pico_stdio_usb/stdio_usb.c.o
 *fill*         0x000000001000804f        0x1 
 .rodata.__bi_202.1
                0x0000000010008050        0xc CMakeFiles/Blink.dir/home/nqh/pico/pico-sdk/src/rp2_common/pico_stdio_usb/stdio_usb.c.o
 .rodata.__func__.2
                0x000000001000805c        0xf CMakeFiles/Blink.dir/home/nqh/pico/pico-sdk/src/rp2_common/pico_stdio_usb/stdio_usb.c.o
 *fill*         0x000000001000806b        0x1 
 .rodata.str1.4
                0x000000001000806c       0x2a CMakeFiles/Blink.dir/home/nqh/pico/pico-sdk/src/rp2_common/pico_stdio_usb/stdio_usb_descriptors.c.o
 *fill*         0x0000000010008096        0x2 
 .rodata.usbd_desc_cfg
                0x0000000010008098       0x54 CMakeFiles/Blink.dir/home/nqh/pico/pico-sdk/src/rp2_common/pico_stdio_usb/stdio_usb_descriptors.c.o
 .rodata.usbd_desc_device
                0x00000000100080ec       0x12 CMakeFiles/Blink.dir/home/nqh/pico/pico-sdk/src/rp2_common/pico_stdio_usb/stdio_usb_descriptors.c.o
 *fill*         0x00000000100080fe        0x2 
 .rodata.usbd_desc_str
                0x0000000010008100       0x18 CMakeFiles/Blink.dir/home/nqh/pico/pico-sdk/src/rp2_common/pico_stdio_usb/stdio_usb_descriptors.c.o
 .rodata.pico_get_unique_board_id_string.str1.4
                0x0000000010008118       0x4a CMakeFiles/Blink.dir/home/nqh/pico/pico-sdk/src/rp2_common/pico_unique_id/unique_id.c.o
 *fill*         0x0000000010008162        0x2 
 .rodata.__func__.0
                0x0000000010008164       0x20 CMakeFiles/Blink.dir/home/nqh/pico/pico-sdk/src/rp2_common/pico_unique_id/unique_id.c.o
 .rodata.str1.4
                0x0000000010008184      0x1f9 CMakeFiles/Blink.dir/home/nqh/pico/pico-sdk/src/rp2_common/hardware_flash/flash.c.o
 *fill*         0x000000001000837d        0x3 
 .rodata.__func__.0
                0x0000000010008380        0xd CMakeFiles/Blink.dir/home/nqh/pico/pico-sdk/src/rp2_common/hardware_flash/flash.c.o
 *fill*         0x000000001000838d        0x3 
 .rodata.hw_endpoint_alloc.str1.4
                0x0000000010008390       0x95 CMakeFiles/Blink.dir/home/nqh/pico/pico-sdk/lib/tinyusb/src/portable/raspberrypi/rp2040/dcd_rp2040.c.o
 *fill*         0x0000000010008425        0x3 
 .rodata.str1.4
                0x0000000010008428       0x14 CMakeFiles/Blink.dir/home/nqh/pico/pico-sdk/lib/tinyusb/src/portable/raspberrypi/rp2040/dcd_rp2040.c.o
 .rodata.dcd_int_enable.str1.4
                0x000000001000843c        0xc CMakeFiles/Blink.dir/home/nqh/pico/pico-sdk/lib/tinyusb/src/portable/raspberrypi/rp2040/dcd_rp2040.c.o
 .rodata.__func__.0
                0x0000000010008448        0xe CMakeFiles/Blink.dir/home/nqh/pico/pico-sdk/lib/tinyusb/src/portable/raspberrypi/rp2040/dcd_rp2040.c.o
 *fill*         0x0000000010008456        0x2 
 .rodata.__func__.3
                0x0000000010008458       0x10 CMakeFiles/Blink.dir/home/nqh/pico/pico-sdk/lib/tinyusb/src/portable/raspberrypi/rp2040/dcd_rp2040.c.o
 .rodata.__func__.5
                0x0000000010008468        0xf CMakeFiles/Blink.dir/home/nqh/pico/pico-sdk/lib/tinyusb/src/portable/raspberrypi/rp2040/dcd_rp2040.c.o
 *fill*         0x0000000010008477        0x1 
 .rodata.__func__.6
                0x0000000010008478       0x12 CMakeFiles/Blink.dir/home/nqh/pico/pico-sdk/lib/tinyusb/src/portable/raspberrypi/rp2040/dcd_rp2040.c.o
 *fill*         0x000000001000848a        0x2 
 .rodata.__func__.7
                0x000000001000848c        0x9 CMakeFiles/Blink.dir/home/nqh/pico/pico-sdk/lib/tinyusb/src/portable/raspberrypi/rp2040/dcd_rp2040.c.o
 *fill*         0x0000000010008495        0x3 
 .rodata.str1.4
                0x0000000010008498       0xdc CMakeFiles/Blink.dir/home/nqh/pico/pico-sdk/lib/tinyusb/src/portable/raspberrypi/rp2040/rp2040_usb.c.o
 .rodata.hw_endpoint_xfer_start.str1.4
                0x0000000010008574       0x38 CMakeFiles/Blink.dir/home/nqh/pico/pico-sdk/lib/tinyusb/src/portable/raspberrypi/rp2040/rp2040_usb.c.o
 .rodata.__func__.0
                0x00000000100085ac        0xf CMakeFiles/Blink.dir/home/nqh/pico/pico-sdk/lib/tinyusb/src/portable/raspberrypi/rp2040/rp2040_usb.c.o
 *fill*         0x00000000100085bb        0x1 
 .rodata.configuration_reset.str1.4
                0x00000000100085bc       0x17 CMakeFiles/Blink.dir/home/nqh/pico/pico-sdk/lib/tinyusb/src/device/usbd.c.o
 *fill*         0x00000000100085d3        0x1 
 .rodata.process_get_descriptor
                0x00000000100085d4       0x40 CMakeFiles/Blink.dir/home/nqh/pico/pico-sdk/lib/tinyusb/src/device/usbd.c.o
 .rodata        0x0000000010008614       0x1c CMakeFiles/Blink.dir/home/nqh/pico/pico-sdk/lib/tinyusb/src/device/usbd.c.o
 .rodata.process_control_request
                0x0000000010008630       0x28 CMakeFiles/Blink.dir/home/nqh/pico/pico-sdk/lib/tinyusb/src/device/usbd.c.o
 .rodata.tud_task_ext
                0x0000000010008658       0x24 CMakeFiles/Blink.dir/home/nqh/pico/pico-sdk/lib/tinyusb/src/device/usbd.c.o
 .rodata.__func__.10
                0x000000001000867c       0x14 CMakeFiles/Blink.dir/home/nqh/pico/pico-sdk/lib/tinyusb/src/device/usbd.c.o
 .rodata.__func__.11
                0x0000000010008690        0xd CMakeFiles/Blink.dir/home/nqh/pico/pico-sdk/lib/tinyusb/src/device/usbd.c.o
 *fill*         0x000000001000869d        0x3 
 .rodata.__func__.12
                0x00000000100086a0       0x10 CMakeFiles/Blink.dir/home/nqh/pico/pico-sdk/lib/tinyusb/src/device/usbd.c.o
 .rodata.__func__.3
                0x00000000100086b0        0xf CMakeFiles/Blink.dir/home/nqh/pico/pico-sdk/lib/tinyusb/src/device/usbd.c.o
 *fill*         0x00000000100086bf        0x1 
 .rodata.__func__.4
                0x00000000100086c0        0xf CMakeFiles/Blink.dir/home/nqh/pico/pico-sdk/lib/tinyusb/src/device/usbd.c.o
 *fill*         0x00000000100086cf        0x1 
 .rodata.__func__.5
                0x00000000100086d0       0x14 CMakeFiles/Blink.dir/home/nqh/pico/pico-sdk/lib/tinyusb/src/device/usbd.c.o
 .rodata.__func__.6
                0x00000000100086e4        0xc CMakeFiles/Blink.dir/home/nqh/pico/pico-sdk/lib/tinyusb/src/device/usbd.c.o
 .rodata.__func__.7
                0x00000000100086f0       0x17 CMakeFiles/Blink.dir/home/nqh/pico/pico-sdk/lib/tinyusb/src/device/usbd.c.o
 *fill*         0x0000000010008707        0x1 
 .rodata.__func__.8
                0x0000000010008708       0x13 CMakeFiles/Blink.dir/home/nqh/pico/pico-sdk/lib/tinyusb/src/device/usbd.c.o
 *fill*         0x000000001000871b        0x1 
 .rodata.__func__.9
                0x000000001000871c       0x18 CMakeFiles/Blink.dir/home/nqh/pico/pico-sdk/lib/tinyusb/src/device/usbd.c.o
 .rodata._usbd_driver
                0x0000000010008734       0x40 CMakeFiles/Blink.dir/home/nqh/pico/pico-sdk/lib/tinyusb/src/device/usbd.c.o
 .rodata.tud_control_xfer.str1.4
                0x0000000010008774       0x17 CMakeFiles/Blink.dir/home/nqh/pico/pico-sdk/lib/tinyusb/src/device/usbd_control.c.o
 .rodata.__func__.0
                0x0000000010008774       0x15 CMakeFiles/Blink.dir/home/nqh/pico/pico-sdk/lib/tinyusb/src/device/usbd_control.c.o
 *fill*         0x0000000010008789        0x3 
 .rodata.__func__.1
                0x000000001000878c       0x11 CMakeFiles/Blink.dir/home/nqh/pico/pico-sdk/lib/tinyusb/src/device/usbd_control.c.o
 .rodata.tud_cdc_n_write_flush.str1.4
                0x000000001000879d       0x17 CMakeFiles/Blink.dir/home/nqh/pico/pico-sdk/lib/tinyusb/src/class/cdc/cdc_device.c.o
 *fill*         0x000000001000879d        0x3 
 .rodata.__func__.0
                0x00000000100087a0        0xd CMakeFiles/Blink.dir/home/nqh/pico/pico-sdk/lib/tinyusb/src/class/cdc/cdc_device.c.o
 *fill*         0x00000000100087ad        0x3 
 .rodata.__func__.1
                0x00000000100087b0        0xa CMakeFiles/Blink.dir/home/nqh/pico/pico-sdk/lib/tinyusb/src/class/cdc/cdc_device.c.o
 *fill*         0x00000000100087ba        0x2 
 .rodata.__func__.3
                0x00000000100087bc       0x16 CMakeFiles/Blink.dir/home/nqh/pico/pico-sdk/lib/tinyusb/src/class/cdc/cdc_device.c.o
 .rodata.vendord_open.str1.4
                0x00000000100087d2       0x17 CMakeFiles/Blink.dir/home/nqh/pico/pico-sdk/lib/tinyusb/src/class/vendor/vendor_device.c.o
 *fill*         0x00000000100087d2        0x2 
 .rodata.__func__.0
                0x00000000100087d4        0xd CMakeFiles/Blink.dir/home/nqh/pico/pico-sdk/lib/tinyusb/src/class/vendor/vendor_device.c.o
 .rodata.tusb_rhport_init.str1.4
                0x00000000100087e1       0x17 CMakeFiles/Blink.dir/home/nqh/pico/pico-sdk/lib/tinyusb/src/tusb.c.o
 *fill*         0x00000000100087e1        0x3 
 .rodata.__func__.0
                0x00000000100087e4       0x19 CMakeFiles/Blink.dir/home/nqh/pico/pico-sdk/lib/tinyusb/src/tusb.c.o
 *fill*         0x00000000100087fd        0x3 
 .rodata.__func__.2
                0x0000000010008800       0x1a CMakeFiles/Blink.dir/home/nqh/pico/pico-sdk/lib/tinyusb/src/tusb.c.o
 *fill*         0x000000001000881a        0x2 
 .rodata.__func__.3
                0x000000001000881c       0x23 CMakeFiles/Blink.dir/home/nqh/pico/pico-sdk/lib/tinyusb/src/tusb.c.o
 *fill*         0x000000001000883f        0x1 
 .rodata.__func__.4
                0x0000000010008840       0x11 CMakeFiles/Blink.dir/home/nqh/pico/pico-sdk/lib/tinyusb/src/tusb.c.o
 *fill*         0x0000000010008851        0x3 
 .rodata.__func__.5
                0x0000000010008854       0x11 CMakeFiles/Blink.dir/home/nqh/pico/pico-sdk/lib/tinyusb/src/tusb.c.o
 *fill*         0x0000000010008865        0x3 
 .rodata.i2c_set_baudrate.str1.4
                0x0000000010008868       0x5a CMakeFiles/Blink.dir/home/nqh/pico/pico-sdk/src/rp2_common/hardware_i2c/i2c.c.o
 *fill*         0x00000000100088c2        0x2 
 .rodata.__func__.0
                0x00000000100088c4       0x11 CMakeFiles/Blink.dir/home/nqh/pico/pico-sdk/src/rp2_common/hardware_i2c/i2c.c.o
                0x00000000100088d8                . = ALIGN (0x4)
 *fill*         0x00000000100088d5        0x3 
 *(SORT_BY_ALIGNMENT(SORT_BY_NAME(.flashdata*)))
                0x00000000100088d8                . = ALIGN (0x4)

.ARM.extab
 *(.ARM.extab* .gnu.linkonce.armextab.*)
                0x00000000100088d8                __exidx_start = .

.ARM.exidx
 *(.ARM.exidx* .gnu.linkonce.armexidx.*)
                0x00000000100088d8                __exidx_end = .
                0x00000000100088d8                . = ALIGN (0x4)
                0x00000000100088d8                __binary_info_start = .

.binary_info    0x00000000100088d8       0x30
 *(.binary_info.keep.*)
 .binary_info.keep.__bi_ptr81
                0x00000000100088d8        0x4 CMakeFiles/Blink.dir/main.c.o
 .binary_info.keep.__bi_ptr26
                0x00000000100088dc        0x4 CMakeFiles/Blink.dir/home/nqh/pico/pico-sdk/src/rp2_common/pico_standard_binary_info/standard_binary_info.c.o
 .binary_info.keep.__bi_ptr34